ds3231.c:24:9:BCD2DEC	24	static
ds3231.c:29:9:DEC2BCD	24	static
ds3231.c:35:6:DS3231_sendData	24	static
ds3231.c:46:6:DS3231_setDate	24	static
ds3231.c:67:11:I2C_ReadRawData	16	static
ds3231.c:77:6:I2C_ReadCalendarData	16	static
ds3231.c:93:8:retrnAsString	24	static
ds3231.c:99:9:readIntSeconds	4	static
ds3231.c:103:8:readSeconds	8	static
ds3231.c:107:8:readMinutes	8	static
ds3231.c:111:8:readHours	8	static
ds3231.c:116:8:readDay	16	static
ds3231.c:123:8:readDate	8	static
ds3231.c:127:8:readMonth	8	static
ds3231.c:131:8:readYear	8	static
ds3231.c:135:6:setSeconds	16	static
ds3231.c:140:6:setMinutes	16	static
ds3231.c:144:6:setHour	16	static
ds3231.c:148:6:setDay	16	static
ds3231.c:152:6:setDate	16	static
ds3231.c:156:6:setMonth	16	static
ds3231.c:160:6:setYear	16	static
