Archive member included to satisfy reference by file (symbol)

c:/st/stm32cubeide_1.6.0/stm32cubeide/plugins/com.st.stm32cube.ide.mcu.externaltools.gnu-tools-for-stm32.9-2020-q2-update.win32_1.5.0.202011040924/tools/bin/../lib/gcc/arm-none-eabi/9.3.1/../../../../arm-none-eabi/lib/thumb/v7e-m+fp/hard\libc_nano.a(lib_a-errno.o)
                              Core/Src/syscalls.o (__errno)
c:/st/stm32cubeide_1.6.0/stm32cubeide/plugins/com.st.stm32cube.ide.mcu.externaltools.gnu-tools-for-stm32.9-2020-q2-update.win32_1.5.0.202011040924/tools/bin/../lib/gcc/arm-none-eabi/9.3.1/../../../../arm-none-eabi/lib/thumb/v7e-m+fp/hard\libc_nano.a(lib_a-exit.o)
                              c:/st/stm32cubeide_1.6.0/stm32cubeide/plugins/com.st.stm32cube.ide.mcu.externaltools.gnu-tools-for-stm32.9-2020-q2-update.win32_1.5.0.202011040924/tools/bin/../lib/gcc/arm-none-eabi/9.3.1/../../../../arm-none-eabi/lib/thumb/v7e-m+fp/hard/crt0.o (exit)
c:/st/stm32cubeide_1.6.0/stm32cubeide/plugins/com.st.stm32cube.ide.mcu.externaltools.gnu-tools-for-stm32.9-2020-q2-update.win32_1.5.0.202011040924/tools/bin/../lib/gcc/arm-none-eabi/9.3.1/../../../../arm-none-eabi/lib/thumb/v7e-m+fp/hard\libc_nano.a(lib_a-impure.o)
                              c:/st/stm32cubeide_1.6.0/stm32cubeide/plugins/com.st.stm32cube.ide.mcu.externaltools.gnu-tools-for-stm32.9-2020-q2-update.win32_1.5.0.202011040924/tools/bin/../lib/gcc/arm-none-eabi/9.3.1/../../../../arm-none-eabi/lib/thumb/v7e-m+fp/hard\libc_nano.a(lib_a-exit.o) (_global_impure_ptr)
c:/st/stm32cubeide_1.6.0/stm32cubeide/plugins/com.st.stm32cube.ide.mcu.externaltools.gnu-tools-for-stm32.9-2020-q2-update.win32_1.5.0.202011040924/tools/bin/../lib/gcc/arm-none-eabi/9.3.1/../../../../arm-none-eabi/lib/thumb/v7e-m+fp/hard\libc_nano.a(lib_a-init.o)
                              c:/st/stm32cubeide_1.6.0/stm32cubeide/plugins/com.st.stm32cube.ide.mcu.externaltools.gnu-tools-for-stm32.9-2020-q2-update.win32_1.5.0.202011040924/tools/bin/../lib/gcc/arm-none-eabi/9.3.1/../../../../arm-none-eabi/lib/thumb/v7e-m+fp/hard/crt0.o (__libc_init_array)
c:/st/stm32cubeide_1.6.0/stm32cubeide/plugins/com.st.stm32cube.ide.mcu.externaltools.gnu-tools-for-stm32.9-2020-q2-update.win32_1.5.0.202011040924/tools/bin/../lib/gcc/arm-none-eabi/9.3.1/../../../../arm-none-eabi/lib/thumb/v7e-m+fp/hard\libc_nano.a(lib_a-memset.o)
                              c:/st/stm32cubeide_1.6.0/stm32cubeide/plugins/com.st.stm32cube.ide.mcu.externaltools.gnu-tools-for-stm32.9-2020-q2-update.win32_1.5.0.202011040924/tools/bin/../lib/gcc/arm-none-eabi/9.3.1/../../../../arm-none-eabi/lib/thumb/v7e-m+fp/hard/crt0.o (memset)
c:/st/stm32cubeide_1.6.0/stm32cubeide/plugins/com.st.stm32cube.ide.mcu.externaltools.gnu-tools-for-stm32.9-2020-q2-update.win32_1.5.0.202011040924/tools/bin/../lib/gcc/arm-none-eabi/9.3.1/thumb/v7e-m+fp/hard\libgcc.a(_aeabi_uldivmod.o)
                              Drivers/STM32F4xx_HAL_Driver/Src/stm32f4xx_hal_rcc.o (__aeabi_uldivmod)
c:/st/stm32cubeide_1.6.0/stm32cubeide/plugins/com.st.stm32cube.ide.mcu.externaltools.gnu-tools-for-stm32.9-2020-q2-update.win32_1.5.0.202011040924/tools/bin/../lib/gcc/arm-none-eabi/9.3.1/thumb/v7e-m+fp/hard\libgcc.a(_udivmoddi4.o)
                              c:/st/stm32cubeide_1.6.0/stm32cubeide/plugins/com.st.stm32cube.ide.mcu.externaltools.gnu-tools-for-stm32.9-2020-q2-update.win32_1.5.0.202011040924/tools/bin/../lib/gcc/arm-none-eabi/9.3.1/thumb/v7e-m+fp/hard\libgcc.a(_aeabi_uldivmod.o) (__udivmoddi4)
c:/st/stm32cubeide_1.6.0/stm32cubeide/plugins/com.st.stm32cube.ide.mcu.externaltools.gnu-tools-for-stm32.9-2020-q2-update.win32_1.5.0.202011040924/tools/bin/../lib/gcc/arm-none-eabi/9.3.1/thumb/v7e-m+fp/hard\libgcc.a(_dvmd_tls.o)
                              c:/st/stm32cubeide_1.6.0/stm32cubeide/plugins/com.st.stm32cube.ide.mcu.externaltools.gnu-tools-for-stm32.9-2020-q2-update.win32_1.5.0.202011040924/tools/bin/../lib/gcc/arm-none-eabi/9.3.1/thumb/v7e-m+fp/hard\libgcc.a(_aeabi_uldivmod.o) (__aeabi_ldiv0)

Allocating common symbols
Common symbol       size              file

uwTick              0x4               Drivers/STM32F4xx_HAL_Driver/Src/stm32f4xx_hal.o
pFlash              0x20              Drivers/STM32F4xx_HAL_Driver/Src/stm32f4xx_hal_flash.o
adc_value           0x2               Core/Src/main.o
hadc1               0x48              Core/Src/main.o

Discarded input sections

 .text          0x0000000000000000        0x0 c:/st/stm32cubeide_1.6.0/stm32cubeide/plugins/com.st.stm32cube.ide.mcu.externaltools.gnu-tools-for-stm32.9-2020-q2-update.win32_1.5.0.202011040924/tools/bin/../lib/gcc/arm-none-eabi/9.3.1/thumb/v7e-m+fp/hard/crti.o
 .data          0x0000000000000000        0x0 c:/st/stm32cubeide_1.6.0/stm32cubeide/plugins/com.st.stm32cube.ide.mcu.externaltools.gnu-tools-for-stm32.9-2020-q2-update.win32_1.5.0.202011040924/tools/bin/../lib/gcc/arm-none-eabi/9.3.1/thumb/v7e-m+fp/hard/crti.o
[...]
Memory Configuration

Name             Origin             Length             Attributes
CCMRAM           0x0000000010000000 0x0000000000010000 xrw
RAM              0x0000000020000000 0x0000000000020000 xrw
FLASH            0x0000000008000000 0x0000000000100000 xr
*default*        0x0000000000000000 0xffffffffffffffff

Linker script and memory map

LOAD c:/st/stm32cubeide_1.6.0/stm32cubeide/plugins/com.st.stm32cube.ide.mcu.externaltools.gnu-tools-for-stm32.9-2020-q2-update.win32_1.5.0.202011040924/tools/bin/../lib/gcc/arm-none-eabi/9.3.1/thumb/v7e-m+fp/hard/crti.o
LOAD c:/st/stm32cubeide_1.6.0/stm32cubeide/plugins/com.st.stm32cube.ide.mcu.externaltools.gnu-tools-for-stm32.9-2020-q2-update.win32_1.5.0.202011040924/tools/bin/../lib/gcc/arm-none-eabi/9.3.1/thumb/v7e-m+fp/hard/crtbegin.o
LOAD c:/st/stm32cubeide_1.6.0/stm32cubeide/plugins/com.st.stm32cube.ide.mcu.externaltools.gnu-tools-for-stm32.9-2020-q2-update.win32_1.5.0.202011040924/tools/bin/../lib/gcc/arm-none-eabi/9.3.1/../../../../arm-none-eabi/lib/thumb/v7e-m+fp/hard/crt0.o
LOAD Core/Src/main.o
LOAD Core/Src/stm32f4xx_hal_msp.o
LOAD Core/Src/stm32f4xx_it.o
LOAD Core/Src/syscalls.o
LOAD Core/Src/sysmem.o
LOAD Core/Src/system_stm32f4xx.o
LOAD Core/Startup/startup_stm32f407vgtx.o
LOAD Drivers/STM32F4xx_HAL_Driver/Src/stm32f4xx_hal.o
LOAD Drivers/STM32F4xx_HAL_Driver/Src/stm32f4xx_hal_adc.o
LOAD Drivers/STM32F4xx_HAL_Driver/Src/stm32f4xx_hal_adc_ex.o
LOAD Drivers/STM32F4xx_HAL_Driver/Src/stm32f4xx_hal_cortex.o
LOAD Drivers/STM32F4xx_HAL_Driver/Src/stm32f4xx_hal_dma.o
LOAD Drivers/STM32F4xx_HAL_Driver/Src/stm32f4xx_hal_dma_ex.o
LOAD Drivers/STM32F4xx_HAL_Driver/Src/stm32f4xx_hal_exti.o
LOAD Drivers/STM32F4xx_HAL_Driver/Src/stm32f4xx_hal_flash.o
LOAD Drivers/STM32F4xx_HAL_Driver/Src/stm32f4xx_hal_flash_ex.o
LOAD Drivers/STM32F4xx_HAL_Driver/Src/stm32f4xx_hal_flash_ramfunc.o
LOAD Drivers/STM32F4xx_HAL_Driver/Src/stm32f4xx_hal_gpio.o
LOAD Drivers/STM32F4xx_HAL_Driver/Src/stm32f4xx_hal_pwr.o
LOAD Drivers/STM32F4xx_HAL_Driver/Src/stm32f4xx_hal_pwr_ex.o
LOAD Drivers/STM32F4xx_HAL_Driver/Src/stm32f4xx_hal_rcc.o
LOAD Drivers/STM32F4xx_HAL_Driver/Src/stm32f4xx_hal_rcc_ex.o
LOAD Drivers/STM32F4xx_HAL_Driver/Src/stm32f4xx_hal_tim.o
LOAD Drivers/STM32F4xx_HAL_Driver/Src/stm32f4xx_hal_tim_ex.o
LOAD Drivers/STM32F4xx_HAL_Driver/Src/stm32f4xx_ll_adc.o
START GROUP
LOAD c:/st/stm32cubeide_1.6.0/stm32cubeide/plugins/com.st.stm32cube.ide.mcu.externaltools.gnu-tools-for-stm32.9-2020-q2-update.win32_1.5.0.202011040924/tools/bin/../lib/gcc/arm-none-eabi/9.3.1/../../../../arm-none-eabi/lib/thumb/v7e-m+fp/hard\libc_nano.a
LOAD c:/st/stm32cubeide_1.6.0/stm32cubeide/plugins/com.st.stm32cube.ide.mcu.externaltools.gnu-tools-for-stm32.9-2020-q2-update.win32_1.5.0.202011040924/tools/bin/../lib/gcc/arm-none-eabi/9.3.1/../../../../arm-none-eabi/lib/thumb/v7e-m+fp/hard\libm.a
END GROUP
START GROUP
LOAD c:/st/stm32cubeide_1.6.0/stm32cubeide/plugins/com.st.stm32cube.ide.mcu.externaltools.gnu-tools-for-stm32.9-2020-q2-update.win32_1.5.0.202011040924/tools/bin/../lib/gcc/arm-none-eabi/9.3.1/thumb/v7e-m+fp/hard\libgcc.a
LOAD c:/st/stm32cubeide_1.6.0/stm32cubeide/plugins/com.st.stm32cube.ide.mcu.externaltools.gnu-tools-for-stm32.9-2020-q2-update.win32_1.5.0.202011040924/tools/bin/../lib/gcc/arm-none-eabi/9.3.1/../../../../arm-none-eabi/lib/thumb/v7e-m+fp/hard\libc_nano.a
END GROUP
START GROUP
LOAD c:/st/stm32cubeide_1.6.0/stm32cubeide/plugins/com.st.stm32cube.ide.mcu.externaltools.gnu-tools-for-stm32.9-2020-q2-update.win32_1.5.0.202011040924/tools/bin/../lib/gcc/arm-none-eabi/9.3.1/thumb/v7e-m+fp/hard\libgcc.a
LOAD c:/st/stm32cubeide_1.6.0/stm32cubeide/plugins/com.st.stm32cube.ide.mcu.externaltools.gnu-tools-for-stm32.9-2020-q2-update.win32_1.5.0.202011040924/tools/bin/../lib/gcc/arm-none-eabi/9.3.1/../../../../arm-none-eabi/lib/thumb/v7e-m+fp/hard\libc_nano.a
LOAD c:/st/stm32cubeide_1.6.0/stm32cubeide/plugins/com.st.stm32cube.ide.mcu.externaltools.gnu-tools-for-stm32.9-2020-q2-update.win32_1.5.0.202011040924/tools/bin/../lib/gcc/arm-none-eabi/9.3.1/../../../../arm-none-eabi/lib/thumb/v7e-m+fp/hard\libnosys.a
END GROUP
START GROUP
LOAD c:/st/stm32cubeide_1.6.0/stm32cubeide/plugins/com.st.stm32cube.ide.mcu.externaltools.gnu-tools-for-stm32.9-2020-q2-update.win32_1.5.0.202011040924/tools/bin/../lib/gcc/arm-none-eabi/9.3.1/thumb/v7e-m+fp/hard\libgcc.a
LOAD c:/st/stm32cubeide_1.6.0/stm32cubeide/plugins/com.st.stm32cube.ide.mcu.externaltools.gnu-tools-for-stm32.9-2020-q2-update.win32_1.5.0.202011040924/tools/bin/../lib/gcc/arm-none-eabi/9.3.1/../../../../arm-none-eabi/lib/thumb/v7e-m+fp/hard\libc_nano.a
LOAD c:/st/stm32cubeide_1.6.0/stm32cubeide/plugins/com.st.stm32cube.ide.mcu.externaltools.gnu-tools-for-stm32.9-2020-q2-update.win32_1.5.0.202011040924/tools/bin/../lib/gcc/arm-none-eabi/9.3.1/../../../../arm-none-eabi/lib/thumb/v7e-m+fp/hard\libnosys.a
END GROUP
LOAD c:/st/stm32cubeide_1.6.0/stm32cubeide/plugins/com.st.stm32cube.ide.mcu.externaltools.gnu-tools-for-stm32.9-2020-q2-update.win32_1.5.0.202011040924/tools/bin/../lib/gcc/arm-none-eabi/9.3.1/thumb/v7e-m+fp/hard/crtend.o
LOAD c:/st/stm32cubeide_1.6.0/stm32cubeide/plugins/com.st.stm32cube.ide.mcu.externaltools.gnu-tools-for-stm32.9-2020-q2-update.win32_1.5.0.202011040924/tools/bin/../lib/gcc/arm-none-eabi/9.3.1/thumb/v7e-m+fp/hard/crtn.o
                0x0000000020020000                _estack = (ORIGIN (RAM) + LENGTH (RAM))
                0x0000000000000200                _Min_Heap_Size = 0x200
                0x0000000000000400                _Min_Stack_Size = 0x400

.isr_vector     0x0000000008000000      0x188
                0x0000000008000000                . = ALIGN (0x4)
 *(.isr_vector)
 .isr_vector    0x0000000008000000      0x188 Core/Startup/startup_stm32f407vgtx.o
                0x0000000008000000                g_pfnVectors
                0x0000000008000188                . = ALIGN (0x4)

.text           0x0000000008000188     0x1d94
                0x0000000008000188                . = ALIGN (0x4)
 *(.text)
 .text          0x0000000008000188       0x40 c:/st/stm32cubeide_1.6.0/stm32cubeide/plugins/com.st.stm32cube.ide.mcu.externaltools.gnu-tools-for-stm32.9-2020-q2-update.win32_1.5.0.202011040924/tools/bin/../lib/gcc/arm-none-eabi/9.3.1/thumb/v7e-m+fp/hard/crtbegin.o
 .text          0x00000000080001c8       0x30 c:/st/stm32cubeide_1.6.0/stm32cubeide/plugins/com.st.stm32cube.ide.mcu.externaltools.gnu-tools-for-stm32.9-2020-q2-update.win32_1.5.0.202011040924/tools/bin/../lib/gcc/arm-none-eabi/9.3.1/thumb/v7e-m+fp/hard\libgcc.a(_aeabi_uldivmod.o)
                0x00000000080001c8                __aeabi_uldivmod
 .text          0x00000000080001f8      0x2c4 c:/st/stm32cubeide_1.6.0/stm32cubeide/plugins/com.st.stm32cube.ide.mcu.externaltools.gnu-tools-for-stm32.9-2020-q2-update.win32_1.5.0.202011040924/tools/bin/../lib/gcc/arm-none-eabi/9.3.1/thumb/v7e-m+fp/hard\libgcc.a(_udivmoddi4.o)
                0x00000000080001f8                __udivmoddi4
 .text          0x00000000080004bc        0x4 c:/st/stm32cubeide_1.6.0/stm32cubeide/plugins/com.st.stm32cube.ide.mcu.externaltools.gnu-tools-for-stm32.9-2020-q2-update.win32_1.5.0.202011040924/tools/bin/../lib/gcc/arm-none-eabi/9.3.1/thumb/v7e-m+fp/hard\libgcc.a(_dvmd_tls.o)
                0x00000000080004bc                __aeabi_idiv0
                0x00000000080004bc                __aeabi_ldiv0
 *(.text*)
 .text.Read_ADC
                0x00000000080004c0       0x3c Core/Src/main.o
                0x00000000080004c0                Read_ADC
 .text.main     0x00000000080004fc       0x24 Core/Src/main.o
                0x00000000080004fc                main
 .text.SystemClock_Config
                0x0000000008000520       0xd4 Core/Src/main.o
                0x0000000008000520                SystemClock_Config
 .text.MX_ADC1_Init
                0x00000000080005f4       0xa8 Core/Src/main.o
 .text.MX_GPIO_Init
                0x000000000800069c       0x50 Core/Src/main.o
 .text.Error_Handler
                0x00000000080006ec        0xa Core/Src/main.o
                0x00000000080006ec                Error_Handler
 *fill*         0x00000000080006f6        0x2 
 .text.HAL_MspInit
                0x00000000080006f8       0x50 Core/Src/stm32f4xx_hal_msp.o
                0x00000000080006f8                HAL_MspInit
 .text.HAL_ADC_MspInit
                0x0000000008000748       0x88 Core/Src/stm32f4xx_hal_msp.o
                0x0000000008000748                HAL_ADC_MspInit
 .text.NMI_Handler
                0x00000000080007d0        0x6 Core/Src/stm32f4xx_it.o
                0x00000000080007d0                NMI_Handler
 .text.HardFault_Handler
                0x00000000080007d6        0x6 Core/Src/stm32f4xx_it.o
                0x00000000080007d6                HardFault_Handler
 .text.MemManage_Handler
                0x00000000080007dc        0x6 Core/Src/stm32f4xx_it.o
                0x00000000080007dc                MemManage_Handler
 .text.BusFault_Handler
                0x00000000080007e2        0x6 Core/Src/stm32f4xx_it.o
                0x00000000080007e2                BusFault_Handler
 .text.UsageFault_Handler
                0x00000000080007e8        0x6 Core/Src/stm32f4xx_it.o
                0x00000000080007e8                UsageFault_Handler
 .text.SVC_Handler
                0x00000000080007ee        0xe Core/Src/stm32f4xx_it.o
                0x00000000080007ee                SVC_Handler
 .text.DebugMon_Handler
                0x00000000080007fc        0xe Core/Src/stm32f4xx_it.o
                0x00000000080007fc                DebugMon_Handler
 .text.PendSV_Handler
                0x000000000800080a        0xe Core/Src/stm32f4xx_it.o
                0x000000000800080a                PendSV_Handler
 .text.SysTick_Handler
                0x0000000008000818        0xc Core/Src/stm32f4xx_it.o
                0x0000000008000818                SysTick_Handler
 .text.SystemInit
                0x0000000008000824       0x24 Core/Src/system_stm32f4xx.o
                0x0000000008000824                SystemInit
 .text.Reset_Handler
                0x0000000008000848       0x50 Core/Startup/startup_stm32f407vgtx.o
                0x0000000008000848                Reset_Handler
 .text.Default_Handler
                0x0000000008000898        0x2 Core/Startup/startup_stm32f407vgtx.o
                0x0000000008000898                RTC_Alarm_IRQHandler
                0x0000000008000898                HASH_RNG_IRQHandler
                0x0000000008000898                EXTI2_IRQHandler
                0x0000000008000898                TIM8_CC_IRQHandler
                0x0000000008000898                TIM1_CC_IRQHandler
                0x0000000008000898                DMA2_Stream5_IRQHandler
                0x0000000008000898                DMA1_Stream5_IRQHandler
                0x0000000008000898                PVD_IRQHandler
                0x0000000008000898                SDIO_IRQHandler
                0x0000000008000898                TAMP_STAMP_IRQHandler
                0x0000000008000898                CAN2_RX1_IRQHandler
                0x0000000008000898                EXTI3_IRQHandler
                0x0000000008000898                TIM8_TRG_COM_TIM14_IRQHandler
                0x0000000008000898                TIM1_UP_TIM10_IRQHandler
                0x0000000008000898                TIM8_UP_TIM13_IRQHandler
                0x0000000008000898                I2C3_ER_IRQHandler
                0x0000000008000898                EXTI0_IRQHandler
                0x0000000008000898                I2C2_EV_IRQHandler
                0x0000000008000898                DMA1_Stream2_IRQHandler
                0x0000000008000898                CAN1_RX0_IRQHandler
                0x0000000008000898                FPU_IRQHandler
                0x0000000008000898                OTG_HS_WKUP_IRQHandler
                0x0000000008000898                CAN2_SCE_IRQHandler
                0x0000000008000898                DMA2_Stream2_IRQHandler
                0x0000000008000898                SPI1_IRQHandler
                0x0000000008000898                TIM6_DAC_IRQHandler
                0x0000000008000898                TIM1_BRK_TIM9_IRQHandler
                0x0000000008000898                DCMI_IRQHandler
                0x0000000008000898                CAN2_RX0_IRQHandler
                0x0000000008000898                DMA2_Stream3_IRQHandler
                0x0000000008000898                USART6_IRQHandler
                0x0000000008000898                USART3_IRQHandler
                0x0000000008000898                CAN1_RX1_IRQHandler
                0x0000000008000898                UART5_IRQHandler
                0x0000000008000898                DMA2_Stream0_IRQHandler
                0x0000000008000898                TIM4_IRQHandler
                0x0000000008000898                I2C1_EV_IRQHandler
                0x0000000008000898                DMA1_Stream6_IRQHandler
                0x0000000008000898                DMA1_Stream1_IRQHandler
                0x0000000008000898                UART4_IRQHandler
                0x0000000008000898                TIM3_IRQHandler
                0x0000000008000898                RCC_IRQHandler
                0x0000000008000898                TIM8_BRK_TIM12_IRQHandler
                0x0000000008000898                Default_Handler
                0x0000000008000898                EXTI15_10_IRQHandler
                0x0000000008000898                ADC_IRQHandler
                0x0000000008000898                DMA1_Stream7_IRQHandler
                0x0000000008000898                TIM7_IRQHandler
                0x0000000008000898                CAN2_TX_IRQHandler
                0x0000000008000898                TIM5_IRQHandler
                0x0000000008000898                DMA2_Stream7_IRQHandler
                0x0000000008000898                I2C3_EV_IRQHandler
                0x0000000008000898                EXTI9_5_IRQHandler
                0x0000000008000898                RTC_WKUP_IRQHandler
                0x0000000008000898                ETH_WKUP_IRQHandler
                0x0000000008000898                SPI2_IRQHandler
                0x0000000008000898                OTG_HS_EP1_IN_IRQHandler
                0x0000000008000898                DMA1_Stream0_IRQHandler
                0x0000000008000898                CAN1_TX_IRQHandler
                0x0000000008000898                EXTI4_IRQHandler
                0x0000000008000898                FSMC_IRQHandler
                0x0000000008000898                ETH_IRQHandler
                0x0000000008000898                OTG_HS_EP1_OUT_IRQHandler
                0x0000000008000898                WWDG_IRQHandler
                0x0000000008000898                TIM2_IRQHandler
                0x0000000008000898                OTG_FS_WKUP_IRQHandler
                0x0000000008000898                TIM1_TRG_COM_TIM11_IRQHandler
                0x0000000008000898                OTG_HS_IRQHandler
                0x0000000008000898                EXTI1_IRQHandler
                0x0000000008000898                USART2_IRQHandler
                0x0000000008000898                I2C2_ER_IRQHandler
                0x0000000008000898                DMA2_Stream1_IRQHandler
                0x0000000008000898                CAN1_SCE_IRQHandler
                0x0000000008000898                FLASH_IRQHandler
                0x0000000008000898                DMA2_Stream4_IRQHandler
                0x0000000008000898                USART1_IRQHandler
                0x0000000008000898                OTG_FS_IRQHandler
                0x0000000008000898                SPI3_IRQHandler
                0x0000000008000898                DMA1_Stream4_IRQHandler
                0x0000000008000898                I2C1_ER_IRQHandler
                0x0000000008000898                DMA2_Stream6_IRQHandler
                0x0000000008000898                DMA1_Stream3_IRQHandler
 *fill*         0x000000000800089a        0x2 
 .text.HAL_Init
                0x000000000800089c       0x44 Drivers/STM32F4xx_HAL_Driver/Src/stm32f4xx_hal.o
                0x000000000800089c                HAL_Init
 .text.HAL_InitTick
                0x00000000080008e0       0x60 Drivers/STM32F4xx_HAL_Driver/Src/stm32f4xx_hal.o
                0x00000000080008e0                HAL_InitTick
 .text.HAL_IncTick
                0x0000000008000940       0x28 Drivers/STM32F4xx_HAL_Driver/Src/stm32f4xx_hal.o
                0x0000000008000940                HAL_IncTick
 .text.HAL_GetTick
                0x0000000008000968       0x18 Drivers/STM32F4xx_HAL_Driver/Src/stm32f4xx_hal.o
                0x0000000008000968                HAL_GetTick
 .text.HAL_ADC_Init
                0x0000000008000980       0x86 Drivers/STM32F4xx_HAL_Driver/Src/stm32f4xx_hal_adc.o
                0x0000000008000980                HAL_ADC_Init
 *fill*         0x0000000008000a06        0x2 
 .text.HAL_ADC_Start
                0x0000000008000a08      0x1a4 Drivers/STM32F4xx_HAL_Driver/Src/stm32f4xx_hal_adc.o
                0x0000000008000a08                HAL_ADC_Start
 .text.HAL_ADC_Stop
                0x0000000008000bac       0x66 Drivers/STM32F4xx_HAL_Driver/Src/stm32f4xx_hal_adc.o
                0x0000000008000bac                HAL_ADC_Stop
 .text.HAL_ADC_PollForConversion
                0x0000000008000c12      0x116 Drivers/STM32F4xx_HAL_Driver/Src/stm32f4xx_hal_adc.o
                0x0000000008000c12                HAL_ADC_PollForConversion
 .text.HAL_ADC_GetValue
                0x0000000008000d28       0x1a Drivers/STM32F4xx_HAL_Driver/Src/stm32f4xx_hal_adc.o
                0x0000000008000d28                HAL_ADC_GetValue
 *fill*         0x0000000008000d42        0x2 
 .text.HAL_ADC_ConfigChannel
                0x0000000008000d44      0x244 Drivers/STM32F4xx_HAL_Driver/Src/stm32f4xx_hal_adc.o
                0x0000000008000d44                HAL_ADC_ConfigChannel
 .text.ADC_Init
                0x0000000008000f88      0x1f8 Drivers/STM32F4xx_HAL_Driver/Src/stm32f4xx_hal_adc.o
 .text.__NVIC_SetPriorityGrouping
                0x0000000008001180       0x48 Drivers/STM32F4xx_HAL_Driver/Src/stm32f4xx_hal_cortex.o
 .text.__NVIC_GetPriorityGrouping
                0x00000000080011c8       0x1c Drivers/STM32F4xx_HAL_Driver/Src/stm32f4xx_hal_cortex.o
 .text.__NVIC_SetPriority
                0x00000000080011e4       0x54 Drivers/STM32F4xx_HAL_Driver/Src/stm32f4xx_hal_cortex.o
 .text.NVIC_EncodePriority
                0x0000000008001238       0x66 Drivers/STM32F4xx_HAL_Driver/Src/stm32f4xx_hal_cortex.o
 *fill*         0x000000000800129e        0x2 
 .text.SysTick_Config
                0x00000000080012a0       0x44 Drivers/STM32F4xx_HAL_Driver/Src/stm32f4xx_hal_cortex.o
 .text.HAL_NVIC_SetPriorityGrouping
                0x00000000080012e4       0x16 Drivers/STM32F4xx_HAL_Driver/Src/stm32f4xx_hal_cortex.o
                0x00000000080012e4                HAL_NVIC_SetPriorityGrouping
 .text.HAL_NVIC_SetPriority
                0x00000000080012fa       0x38 Drivers/STM32F4xx_HAL_Driver/Src/stm32f4xx_hal_cortex.o
                0x00000000080012fa                HAL_NVIC_SetPriority
 .text.HAL_SYSTICK_Config
                0x0000000008001332       0x18 Drivers/STM32F4xx_HAL_Driver/Src/stm32f4xx_hal_cortex.o
                0x0000000008001332                HAL_SYSTICK_Config
 *fill*         0x000000000800134a        0x2 
 .text.HAL_GPIO_Init
                0x000000000800134c      0x338 Drivers/STM32F4xx_HAL_Driver/Src/stm32f4xx_hal_gpio.o
                0x000000000800134c                HAL_GPIO_Init
 .text.HAL_RCC_OscConfig
                0x0000000008001684      0x4f0 Drivers/STM32F4xx_HAL_Driver/Src/stm32f4xx_hal_rcc.o
                0x0000000008001684                HAL_RCC_OscConfig
 .text.HAL_RCC_ClockConfig
                0x0000000008001b74      0x1cc Drivers/STM32F4xx_HAL_Driver/Src/stm32f4xx_hal_rcc.o
                0x0000000008001b74                HAL_RCC_ClockConfig
 .text.HAL_RCC_GetSysClockFreq
                0x0000000008001d40      0x16c Drivers/STM32F4xx_HAL_Driver/Src/stm32f4xx_hal_rcc.o
                0x0000000008001d40                HAL_RCC_GetSysClockFreq
 .text.__libc_init_array
                0x0000000008001eac       0x48 c:/st/stm32cubeide_1.6.0/stm32cubeide/plugins/com.st.stm32cube.ide.mcu.externaltools.gnu-tools-for-stm32.9-2020-q2-update.win32_1.5.0.202011040924/tools/bin/../lib/gcc/arm-none-eabi/9.3.1/../../../../arm-none-eabi/lib/thumb/v7e-m+fp/hard\libc_nano.a(lib_a-init.o)
                0x0000000008001eac                __libc_init_array
 .text.memset   0x0000000008001ef4       0x10 c:/st/stm32cubeide_1.6.0/stm32cubeide/plugins/com.st.stm32cube.ide.mcu.externaltools.gnu-tools-for-stm32.9-2020-q2-update.win32_1.5.0.202011040924/tools/bin/../lib/gcc/arm-none-eabi/9.3.1/../../../../arm-none-eabi/lib/thumb/v7e-m+fp/hard\libc_nano.a(lib_a-memset.o)
                0x0000000008001ef4                memset
 *(.glue_7)
 .glue_7        0x0000000008001f04        0x0 linker stubs
 *(.glue_7t)
 .glue_7t       0x0000000008001f04        0x0 linker stubs
 *(.eh_frame)
 .eh_frame      0x0000000008001f04        0x0 c:/st/stm32cubeide_1.6.0/stm32cubeide/plugins/com.st.stm32cube.ide.mcu.externaltools.gnu-tools-for-stm32.9-2020-q2-update.win32_1.5.0.202011040924/tools/bin/../lib/gcc/arm-none-eabi/9.3.1/thumb/v7e-m+fp/hard/crtbegin.o
 *(.init)
 .init          0x0000000008001f04        0x4 c:/st/stm32cubeide_1.6.0/stm32cubeide/plugins/com.st.stm32cube.ide.mcu.externaltools.gnu-tools-for-stm32.9-2020-q2-update.win32_1.5.0.202011040924/tools/bin/../lib/gcc/arm-none-eabi/9.3.1/thumb/v7e-m+fp/hard/crti.o
                0x0000000008001f04                _init
 .init          0x0000000008001f08        0x8 c:/st/stm32cubeide_1.6.0/stm32cubeide/plugins/com.st.stm32cube.ide.mcu.externaltools.gnu-tools-for-stm32.9-2020-q2-update.win32_1.5.0.202011040924/tools/bin/../lib/gcc/arm-none-eabi/9.3.1/thumb/v7e-m+fp/hard/crtn.o
 *(.fini)
 .fini          0x0000000008001f10        0x4 c:/st/stm32cubeide_1.6.0/stm32cubeide/plugins/com.st.stm32cube.ide.mcu.externaltools.gnu-tools-for-stm32.9-2020-q2-update.win32_1.5.0.202011040924/tools/bin/../lib/gcc/arm-none-eabi/9.3.1/thumb/v7e-m+fp/hard/crti.o
                0x0000000008001f10                _fini
 .fini          0x0000000008001f14        0x8 c:/st/stm32cubeide_1.6.0/stm32cubeide/plugins/com.st.stm32cube.ide.mcu.externaltools.gnu-tools-for-stm32.9-2020-q2-update.win32_1.5.0.202011040924/tools/bin/../lib/gcc/arm-none-eabi/9.3.1/thumb/v7e-m+fp/hard/crtn.o
                0x0000000008001f1c                . = ALIGN (0x4)
                0x0000000008001f1c                _etext = .

.vfp11_veneer   0x0000000008001f1c        0x0
 .vfp11_veneer  0x0000000008001f1c        0x0 linker stubs

.v4_bx          0x0000000008001f1c        0x0
 .v4_bx         0x0000000008001f1c        0x0 linker stubs

.iplt           0x0000000008001f1c        0x0
 .iplt          0x0000000008001f1c        0x0 c:/st/stm32cubeide_1.6.0/stm32cubeide/plugins/com.st.stm32cube.ide.mcu.externaltools.gnu-tools-for-stm32.9-2020-q2-update.win32_1.5.0.202011040924/tools/bin/../lib/gcc/arm-none-eabi/9.3.1/thumb/v7e-m+fp/hard/crtbegin.o

.rodata         0x0000000008001f1c       0x10
                0x0000000008001f1c                . = ALIGN (0x4)
 *(.rodata)
 *(.rodata*)
 .rodata.AHBPrescTable
                0x0000000008001f1c       0x10 Core/Src/system_stm32f4xx.o
                0x0000000008001f1c                AHBPrescTable
                0x0000000008001f2c                . = ALIGN (0x4)

.ARM.extab      0x0000000008001f2c        0x0
                0x0000000008001f2c                . = ALIGN (0x4)
 *(.ARM.extab* .gnu.linkonce.armextab.*)
                0x0000000008001f2c                . = ALIGN (0x4)

.ARM            0x0000000008001f2c        0x8
                0x0000000008001f2c                . = ALIGN (0x4)
                0x0000000008001f2c                __exidx_start = .
 *(.ARM.exidx*)
 .ARM.exidx     0x0000000008001f2c        0x8 c:/st/stm32cubeide_1.6.0/stm32cubeide/plugins/com.st.stm32cube.ide.mcu.externaltools.gnu-tools-for-stm32.9-2020-q2-update.win32_1.5.0.202011040924/tools/bin/../lib/gcc/arm-none-eabi/9.3.1/thumb/v7e-m+fp/hard\libgcc.a(_udivmoddi4.o)
                0x0000000008001f34                __exidx_end = .
                0x0000000008001f34                . = ALIGN (0x4)

.rel.dyn        0x0000000008001f34        0x0
 .rel.iplt      0x0000000008001f34        0x0 c:/st/stm32cubeide_1.6.0/stm32cubeide/plugins/com.st.stm32cube.ide.mcu.externaltools.gnu-tools-for-stm32.9-2020-q2-update.win32_1.5.0.202011040924/tools/bin/../lib/gcc/arm-none-eabi/9.3.1/thumb/v7e-m+fp/hard/crtbegin.o

.preinit_array  0x0000000008001f34        0x0
                0x0000000008001f34                . = ALIGN (0x4)
                0x0000000008001f34                PROVIDE (__preinit_array_start = .)
 *(.preinit_array*)
                0x0000000008001f34                PROVIDE (__preinit_array_end = .)
                0x0000000008001f34                . = ALIGN (0x4)

.init_array     0x0000000008001f34        0x4
                0x0000000008001f34                . = ALIGN (0x4)
                0x0000000008001f34                PROVIDE (__init_array_start = .)
 *(SORT_BY_NAME(.init_array.*))
 *(.init_array*)
 .init_array    0x0000000008001f34        0x4 c:/st/stm32cubeide_1.6.0/stm32cubeide/plugins/com.st.stm32cube.ide.mcu.externaltools.gnu-tools-for-stm32.9-2020-q2-update.win32_1.5.0.202011040924/tools/bin/../lib/gcc/arm-none-eabi/9.3.1/thumb/v7e-m+fp/hard/crtbegin.o
                0x0000000008001f38                PROVIDE (__init_array_end = .)
                0x0000000008001f38                . = ALIGN (0x4)

.fini_array     0x0000000008001f38        0x4
                0x0000000008001f38                . = ALIGN (0x4)
                [!provide]                        PROVIDE (__fini_array_start = .)
 *(SORT_BY_NAME(.fini_array.*))
 *(.fini_array*)
 .fini_array    0x0000000008001f38        0x4 c:/st/stm32cubeide_1.6.0/stm32cubeide/plugins/com.st.stm32cube.ide.mcu.externaltools.gnu-tools-for-stm32.9-2020-q2-update.win32_1.5.0.202011040924/tools/bin/../lib/gcc/arm-none-eabi/9.3.1/thumb/v7e-m+fp/hard/crtbegin.o
                [!provide]                        PROVIDE (__fini_array_end = .)
                0x0000000008001f3c                . = ALIGN (0x4)
                0x0000000008001f3c                _sidata = LOADADDR (.data)

.data           0x0000000020000000        0xc load address 0x0000000008001f3c
                0x0000000020000000                . = ALIGN (0x4)
                0x0000000020000000                _sdata = .
 *(.data)
 *(.data*)
 .data.SystemCoreClock
                0x0000000020000000        0x4 Core/Src/system_stm32f4xx.o
                0x0000000020000000                SystemCoreClock
 .data.uwTickPrio
                0x0000000020000004        0x4 Drivers/STM32F4xx_HAL_Driver/Src/stm32f4xx_hal.o
                0x0000000020000004                uwTickPrio
 .data.uwTickFreq
                0x0000000020000008        0x1 Drivers/STM32F4xx_HAL_Driver/Src/stm32f4xx_hal.o
                0x0000000020000008                uwTickFreq
 *(.RamFunc)
 *(.RamFunc*)
                0x000000002000000c                . = ALIGN (0x4)
 *fill*         0x0000000020000009        0x3 
                0x000000002000000c                _edata = .

.igot.plt       0x000000002000000c        0x0 load address 0x0000000008001f48
 .igot.plt      0x000000002000000c        0x0 c:/st/stm32cubeide_1.6.0/stm32cubeide/plugins/com.st.stm32cube.ide.mcu.externaltools.gnu-tools-for-stm32.9-2020-q2-update.win32_1.5.0.202011040924/tools/bin/../lib/gcc/arm-none-eabi/9.3.1/thumb/v7e-m+fp/hard/crtbegin.o
                0x000000002000000c                . = ALIGN (0x4)

.bss            0x000000002000000c       0x6c load address 0x0000000008001f48
                0x000000002000000c                _sbss = .
                0x000000002000000c                __bss_start__ = _sbss
 *(.bss)
 .bss           0x000000002000000c       0x1c c:/st/stm32cubeide_1.6.0/stm32cubeide/plugins/com.st.stm32cube.ide.mcu.externaltools.gnu-tools-for-stm32.9-2020-q2-update.win32_1.5.0.202011040924/tools/bin/../lib/gcc/arm-none-eabi/9.3.1/thumb/v7e-m+fp/hard/crtbegin.o
 *(.bss*)
 *(COMMON)
 COMMON         0x0000000020000028       0x4c Core/Src/main.o
                0x0000000020000028                adc_value
                0x000000002000002c                hadc1
 COMMON         0x0000000020000074        0x4 Drivers/STM32F4xx_HAL_Driver/Src/stm32f4xx_hal.o
                0x0000000020000074                uwTick
                0x0000000020000078                . = ALIGN (0x4)
                0x0000000020000078                _ebss = .
                0x0000000020000078                __bss_end__ = _ebss

._user_heap_stack
                0x0000000020000078      0x600 load address 0x0000000008001f48
                0x0000000020000078                . = ALIGN (0x8)
                [!provide]                        PROVIDE (end = .)
                0x0000000020000078                PROVIDE (_end = .)
                0x0000000020000278                . = (. + _Min_Heap_Size)
 *fill*         0x0000000020000078      0x200 
                0x0000000020000678                . = (. + _Min_Stack_Size)
 *fill*         0x0000000020000278      0x400 
                0x0000000020000678                . = ALIGN (0x8)

/DISCARD/
 libc.a(*)
 libm.a(*)
 libgcc.a(*)

.ARM.attributes
                0x0000000000000000       0x30
 *(.ARM.attributes)
 .ARM.attributes
                0x0000000000000000       0x1e c:/st/stm32cubeide_1.6.0/stm32cubeide/plugins/com.st.stm32cube.ide.mcu.externaltools.gnu-tools-for-stm32.9-2020-q2-update.win32_1.5.0.202011040924/tools/bin/../lib/gcc/arm-none-eabi/9.3.1/thumb/v7e-m+fp/hard/crti.o
 .ARM.attributes
                0x000000000000001e       0x34 c:/st/stm32cubeide_1.6.0/stm32cubeide/plugins/com.st.stm32cube.ide.mcu.externaltools.gnu-tools-for-stm32.9-2020-q2-update.win32_1.5.0.202011040924/tools/bin/../lib/gcc/arm-none-eabi/9.3.1/thumb/v7e-m+fp/hard/crtbegin.o
 .ARM.attributes
                0x0000000000000052       0x34 Core/Src/main.o
 .ARM.attributes
                0x0000000000000086       0x34 Core/Src/stm32f4xx_hal_msp.o
 .ARM.attributes
                0x00000000000000ba       0x34 Core/Src/stm32f4xx_it.o
 .ARM.attributes
                0x00000000000000ee       0x34 Core/Src/system_stm32f4xx.o
 .ARM.attributes
                0x0000000000000122       0x21 Core/Startup/startup_stm32f407vgtx.o
 .ARM.attributes
                0x0000000000000143       0x34 Drivers/STM32F4xx_HAL_Driver/Src/stm32f4xx_hal.o
 .ARM.attributes
                0x0000000000000177       0x34 Drivers/STM32F4xx_HAL_Driver/Src/stm32f4xx_hal_adc.o
 .ARM.attributes
                0x00000000000001ab       0x34 Drivers/STM32F4xx_HAL_Driver/Src/stm32f4xx_hal_cortex.o
 .ARM.attributes
                0x00000000000001df       0x34 Drivers/STM32F4xx_HAL_Driver/Src/stm32f4xx_hal_gpio.o
 .ARM.attributes
                0x0000000000000213       0x34 Drivers/STM32F4xx_HAL_Driver/Src/stm32f4xx_hal_rcc.o
 .ARM.attributes
                0x0000000000000247       0x34 c:/st/stm32cubeide_1.6.0/stm32cubeide/plugins/com.st.stm32cube.ide.mcu.externaltools.gnu-tools-for-stm32.9-2020-q2-update.win32_1.5.0.202011040924/tools/bin/../lib/gcc/arm-none-eabi/9.3.1/../../../../arm-none-eabi/lib/thumb/v7e-m+fp/hard\libc_nano.a(lib_a-init.o)
 .ARM.attributes
                0x000000000000027b       0x34 c:/st/stm32cubeide_1.6.0/stm32cubeide/plugins/com.st.stm32cube.ide.mcu.externaltools.gnu-tools-for-stm32.9-2020-q2-update.win32_1.5.0.202011040924/tools/bin/../lib/gcc/arm-none-eabi/9.3.1/../../../../arm-none-eabi/lib/thumb/v7e-m+fp/hard\libc_nano.a(lib_a-memset.o)
 .ARM.attributes
                0x00000000000002af       0x1e c:/st/stm32cubeide_1.6.0/stm32cubeide/plugins/com.st.stm32cube.ide.mcu.externaltools.gnu-tools-for-stm32.9-2020-q2-update.win32_1.5.0.202011040924/tools/bin/../lib/gcc/arm-none-eabi/9.3.1/thumb/v7e-m+fp/hard\libgcc.a(_aeabi_uldivmod.o)
 .ARM.attributes
                0x00000000000002cd       0x34 c:/st/stm32cubeide_1.6.0/stm32cubeide/plugins/com.st.stm32cube.ide.mcu.externaltools.gnu-tools-for-stm32.9-2020-q2-update.win32_1.5.0.202011040924/tools/bin/../lib/gcc/arm-none-eabi/9.3.1/thumb/v7e-m+fp/hard\libgcc.a(_udivmoddi4.o)
 .ARM.attributes
                0x0000000000000301       0x1e c:/st/stm32cubeide_1.6.0/stm32cubeide/plugins/com.st.stm32cube.ide.mcu.externaltools.gnu-tools-for-stm32.9-2020-q2-update.win32_1.5.0.202011040924/tools/bin/../lib/gcc/arm-none-eabi/9.3.1/thumb/v7e-m+fp/hard\libgcc.a(_dvmd_tls.o)
 .ARM.attributes
                0x000000000000031f       0x1e c:/st/stm32cubeide_1.6.0/stm32cubeide/plugins/com.st.stm32cube.ide.mcu.externaltools.gnu-tools-for-stm32.9-2020-q2-update.win32_1.5.0.202011040924/tools/bin/../lib/gcc/arm-none-eabi/9.3.1/thumb/v7e-m+fp/hard/crtn.o
OUTPUT(topraksensor.elf elf32-littlearm)
LOAD linker stubs
LOAD c:/st/stm32cubeide_1.6.0/stm32cubeide/plugins/com.st.stm32cube.ide.mcu.externaltools.gnu-tools-for-stm32.9-2020-q2-update.win32_1.5.0.202011040924/tools/bin/../lib/gcc/arm-none-eabi/9.3.1/../../../../arm-none-eabi/lib/thumb/v7e-m+fp/hard\libc.a
LOAD c:/st/stm32cubeide_1.6.0/stm32cubeide/plugins/com.st.stm32cube.ide.mcu.externaltools.gnu-tools-for-stm32.9-2020-q2-update.win32_1.5.0.202011040924/tools/bin/../lib/gcc/arm-none-eabi/9.3.1/../../../../arm-none-eabi/lib/thumb/v7e-m+fp/hard\libm.a
LOAD c:/st/stm32cubeide_1.6.0/stm32cubeide/plugins/com.st.stm32cube.ide.mcu.externaltools.gnu-tools-for-stm32.9-2020-q2-update.win32_1.5.0.202011040924/tools/bin/../lib/gcc/arm-none-eabi/9.3.1/thumb/v7e-m+fp/hard\libgcc.a

.debug_info     0x0000000000000000     0x55a0
 .debug_info    0x0000000000000000      0xb75 Core/Src/main.o
 .debug_info    0x0000000000000b75      0xa2a Core/Src/stm32f4xx_hal_msp.o
 .debug_info    0x000000000000159f      0x222 Core/Src/stm32f4xx_it.o
 .debug_info    0x00000000000017c1      0x5a4 Core/Src/system_stm32f4xx.o
 .debug_info    0x0000000000001d65       0x22 Core/Startup/startup_stm32f407vgtx.o
 .debug_info    0x0000000000001d87      0x9b2 Drivers/STM32F4xx_HAL_Driver/Src/stm32f4xx_hal.o
 .debug_info    0x0000000000002739      0xdbc Drivers/STM32F4xx_HAL_Driver/Src/stm32f4xx_hal_adc.o
 .debug_info    0x00000000000034f5      0xed7 Drivers/STM32F4xx_HAL_Driver/Src/stm32f4xx_hal_cortex.o
 .debug_info    0x00000000000043cc      0x83e Drivers/STM32F4xx_HAL_Driver/Src/stm32f4xx_hal_gpio.o
 .debug_info    0x0000000000004c0a      0x996 Drivers/STM32F4xx_HAL_Driver/Src/stm32f4xx_hal_rcc.o

.debug_abbrev   0x0000000000000000     0x11cd
 .debug_abbrev  0x0000000000000000      0x23a Core/Src/main.o
 .debug_abbrev  0x000000000000023a      0x1ac Core/Src/stm32f4xx_hal_msp.o
 .debug_abbrev  0x00000000000003e6       0xd2 Core/Src/stm32f4xx_it.o
 .debug_abbrev  0x00000000000004b8      0x145 Core/Src/system_stm32f4xx.o
 .debug_abbrev  0x00000000000005fd       0x12 Core/Startup/startup_stm32f407vgtx.o
 .debug_abbrev  0x000000000000060f      0x1ed Drivers/STM32F4xx_HAL_Driver/Src/stm32f4xx_hal.o
 .debug_abbrev  0x00000000000007fc      0x22f Drivers/STM32F4xx_HAL_Driver/Src/stm32f4xx_hal_adc.o
 .debug_abbrev  0x0000000000000a2b      0x33c Drivers/STM32F4xx_HAL_Driver/Src/stm32f4xx_hal_cortex.o
 .debug_abbrev  0x0000000000000d67      0x1f1 Drivers/STM32F4xx_HAL_Driver/Src/stm32f4xx_hal_gpio.o
 .debug_abbrev  0x0000000000000f58      0x275 Drivers/STM32F4xx_HAL_Driver/Src/stm32f4xx_hal_rcc.o

.debug_aranges  0x0000000000000000      0x4f8
 .debug_aranges
                0x0000000000000000       0x48 Core/Src/main.o
 .debug_aranges
                0x0000000000000048       0x30 Core/Src/stm32f4xx_hal_msp.o
 .debug_aranges
                0x0000000000000078       0x60 Core/Src/stm32f4xx_it.o
 .debug_aranges
                0x00000000000000d8       0x28 Core/Src/system_stm32f4xx.o
 .debug_aranges
                0x0000000000000100       0x28 Core/Startup/startup_stm32f407vgtx.o
 .debug_aranges
                0x0000000000000128       0xf0 Drivers/STM32F4xx_HAL_Driver/Src/stm32f4xx_hal.o
 .debug_aranges
                0x0000000000000218       0xe8 Drivers/STM32F4xx_HAL_Driver/Src/stm32f4xx_hal_adc.o
 .debug_aranges
                0x0000000000000300      0x118 Drivers/STM32F4xx_HAL_Driver/Src/stm32f4xx_hal_cortex.o
 .debug_aranges
                0x0000000000000418       0x58 Drivers/STM32F4xx_HAL_Driver/Src/stm32f4xx_hal_gpio.o
 .debug_aranges
                0x0000000000000470       0x88 Drivers/STM32F4xx_HAL_Driver/Src/stm32f4xx_hal_rcc.o

.debug_ranges   0x0000000000000000      0x460
 .debug_ranges  0x0000000000000000       0x38 Core/Src/main.o
 .debug_ranges  0x0000000000000038       0x20 Core/Src/stm32f4xx_hal_msp.o
 .debug_ranges  0x0000000000000058       0x50 Core/Src/stm32f4xx_it.o
 .debug_ranges  0x00000000000000a8       0x18 Core/Src/system_stm32f4xx.o
 .debug_ranges  0x00000000000000c0       0x20 Core/Startup/startup_stm32f407vgtx.o
 .debug_ranges  0x00000000000000e0       0xe0 Drivers/STM32F4xx_HAL_Driver/Src/stm32f4xx_hal.o
 .debug_ranges  0x00000000000001c0       0xd8 Drivers/STM32F4xx_HAL_Driver/Src/stm32f4xx_hal_adc.o
 .debug_ranges  0x0000000000000298      0x108 Drivers/STM32F4xx_HAL_Driver/Src/stm32f4xx_hal_cortex.o
 .debug_ranges  0x00000000000003a0       0x48 Drivers/STM32F4xx_HAL_Driver/Src/stm32f4xx_hal_gpio.o
 .debug_ranges  0x00000000000003e8       0x78 Drivers/STM32F4xx_HAL_Driver/Src/stm32f4xx_hal_rcc.o

.debug_macro    0x0000000000000000    0x2012e
 .debug_macro   0x0000000000000000      0x1e2 Core/Src/main.o
 .debug_macro   0x00000000000001e2      0xaa8 Core/Src/main.o
 .debug_macro   0x0000000000000c8a      0x295 Core/Src/main.o
 .debug_macro   0x0000000000000f1f       0x2e Core/Src/main.o
 .debug_macro   0x0000000000000f4d       0x2f Core/Src/main.o
 .debug_macro   0x0000000000000f7c       0x22 Core/Src/main.o
 .debug_macro   0x0000000000000f9e       0x8e Core/Src/main.o
 .debug_macro   0x000000000000102c       0x51 Core/Src/main.o
 .debug_macro   0x000000000000107d      0x103 Core/Src/main.o
 .debug_macro   0x0000000000001180       0x6a Core/Src/main.o
 .debug_macro   0x00000000000011ea      0x1df Core/Src/main.o
 .debug_macro   0x00000000000013c9       0x1c Core/Src/main.o
 .debug_macro   0x00000000000013e5       0x22 Core/Src/main.o
 .debug_macro   0x0000000000001407       0xdf Core/Src/main.o
 .debug_macro   0x00000000000014e6     0x102d Core/Src/main.o
 .debug_macro   0x0000000000002513      0x11f Core/Src/main.o
 .debug_macro   0x0000000000002632    0x15e3c Core/Src/main.o
 .debug_macro   0x000000000001846e       0x43 Core/Src/main.o
 .debug_macro   0x00000000000184b1     0x3659 Core/Src/main.o
 .debug_macro   0x000000000001bb0a      0x174 Core/Src/main.o
 .debug_macro   0x000000000001bc7e       0x5c Core/Src/main.o
 .debug_macro   0x000000000001bcda      0x96b Core/Src/main.o
 .debug_macro   0x000000000001c645      0x9fe Core/Src/main.o
 .debug_macro   0x000000000001d043      0x117 Core/Src/main.o
 .debug_macro   0x000000000001d15a      0x13e Core/Src/main.o
 .debug_macro   0x000000000001d298       0x82 Core/Src/main.o
 .debug_macro   0x000000000001d31a      0x174 Core/Src/main.o
 .debug_macro   0x000000000001d48e      0x287 Core/Src/main.o
 .debug_macro   0x000000000001d715       0x5f Core/Src/main.o
 .debug_macro   0x000000000001d774      0x236 Core/Src/main.o
 .debug_macro   0x000000000001d9aa      0xb5b Core/Src/main.o
 .debug_macro   0x000000000001e505      0x38b Core/Src/main.o
 .debug_macro   0x000000000001e890      0x176 Core/Src/main.o
 .debug_macro   0x000000000001ea06       0xf9 Core/Src/main.o
 .debug_macro   0x000000000001eaff      0x12c Core/Src/main.o
 .debug_macro   0x000000000001ec2b      0x21e Core/Src/main.o
 .debug_macro   0x000000000001ee49       0x2e Core/Src/main.o
 .debug_macro   0x000000000001ee77      0x11a Core/Src/main.o
 .debug_macro   0x000000000001ef91       0x7e Core/Src/main.o
 .debug_macro   0x000000000001f00f       0x89 Core/Src/main.o
 .debug_macro   0x000000000001f098      0x12d Core/Src/main.o
 .debug_macro   0x000000000001f1c5      0x1e2 Core/Src/stm32f4xx_hal_msp.o
 .debug_macro   0x000000000001f3a7      0x1ec Core/Src/stm32f4xx_it.o
 .debug_macro   0x000000000001f593      0x1d8 Core/Src/system_stm32f4xx.o
 .debug_macro   0x000000000001f76b      0x238 Drivers/STM32F4xx_HAL_Driver/Src/stm32f4xx_hal.o
 .debug_macro   0x000000000001f9a3      0x1d9 Drivers/STM32F4xx_HAL_Driver/Src/stm32f4xx_hal_adc.o
 .debug_macro   0x000000000001fb7c      0x1d8 Drivers/STM32F4xx_HAL_Driver/Src/stm32f4xx_hal_cortex.o
 .debug_macro   0x000000000001fd54      0x1de Drivers/STM32F4xx_HAL_Driver/Src/stm32f4xx_hal_gpio.o
 .debug_macro   0x000000000001ff32      0x1fc Drivers/STM32F4xx_HAL_Driver/Src/stm32f4xx_hal_rcc.o

.debug_line     0x0000000000000000     0x5ebb
 .debug_line    0x0000000000000000      0x7d3 Core/Src/main.o
 .debug_line    0x00000000000007d3      0x70c Core/Src/stm32f4xx_hal_msp.o
 .debug_line    0x0000000000000edf      0x787 Core/Src/stm32f4xx_it.o
 .debug_line    0x0000000000001666      0x746 Core/Src/system_stm32f4xx.o
 .debug_line    0x0000000000001dac       0x88 Core/Startup/startup_stm32f407vgtx.o
 .debug_line    0x0000000000001e34      0x9ac Drivers/STM32F4xx_HAL_Driver/Src/stm32f4xx_hal.o
 .debug_line    0x00000000000027e0     0x1236 Drivers/STM32F4xx_HAL_Driver/Src/stm32f4xx_hal_adc.o
 .debug_line    0x0000000000003a16      0xc5b Drivers/STM32F4xx_HAL_Driver/Src/stm32f4xx_hal_cortex.o
 .debug_line    0x0000000000004671      0xb24 Drivers/STM32F4xx_HAL_Driver/Src/stm32f4xx_hal_gpio.o
 .debug_line    0x0000000000005195      0xd26 Drivers/STM32F4xx_HAL_Driver/Src/stm32f4xx_hal_rcc.o

.debug_str      0x0000000000000000    0xc8298
 .debug_str     0x0000000000000000    0xc6bc1 Core/Src/main.o
                                      0xc6eb3 (size before relaxing)
 .debug_str     0x00000000000c6bc1       0xbb Core/Src/stm32f4xx_hal_msp.o
                                      0xc6d7c (size before relaxing)
 .debug_str     0x00000000000c6c7c       0xbd Core/Src/stm32f4xx_it.o
                                      0xc6895 (size before relaxing)
 .debug_str     0x00000000000c6d39       0xaf Core/Src/system_stm32f4xx.o
                                      0xc6979 (size before relaxing)
 .debug_str     0x00000000000c6de8       0x36 Core/Startup/startup_stm32f407vgtx.o
                                         0x6a (size before relaxing)
 .debug_str     0x00000000000c6e1e      0xa5e Drivers/STM32F4xx_HAL_Driver/Src/stm32f4xx_hal.o
                                      0xc745b (size before relaxing)
 .debug_str     0x00000000000c787c      0x2b1 Drivers/STM32F4xx_HAL_Driver/Src/stm32f4xx_hal_adc.o
                                      0xc6f25 (size before relaxing)
 .debug_str     0x00000000000c7b2d      0x397 Drivers/STM32F4xx_HAL_Driver/Src/stm32f4xx_hal_cortex.o
                                      0xc724a (size before relaxing)
 .debug_str     0x00000000000c7ec4      0x17b Drivers/STM32F4xx_HAL_Driver/Src/stm32f4xx_hal_gpio.o
                                      0xc6b20 (size before relaxing)
 .debug_str     0x00000000000c803f      0x259 Drivers/STM32F4xx_HAL_Driver/Src/stm32f4xx_hal_rcc.o
                                      0xc6d7b (size before relaxing)

.comment        0x0000000000000000       0x53
 .comment       0x0000000000000000       0x53 Core/Src/main.o
                                         0x54 (size before relaxing)
 .comment       0x0000000000000053       0x54 Core/Src/stm32f4xx_hal_msp.o
 .comment       0x0000000000000053       0x54 Core/Src/stm32f4xx_it.o
 .comment       0x0000000000000053       0x54 Core/Src/system_stm32f4xx.o
 .comment       0x0000000000000053       0x54 Drivers/STM32F4xx_HAL_Driver/Src/stm32f4xx_hal.o
 .comment       0x0000000000000053       0x54 Drivers/STM32F4xx_HAL_Driver/Src/stm32f4xx_hal_adc.o
 .comment       0x0000000000000053       0x54 Drivers/STM32F4xx_HAL_Driver/Src/stm32f4xx_hal_cortex.o
 .comment       0x0000000000000053       0x54 Drivers/STM32F4xx_HAL_Driver/Src/stm32f4xx_hal_gpio.o
 .comment       0x0000000000000053       0x54 Drivers/STM32F4xx_HAL_Driver/Src/stm32f4xx_hal_rcc.o

.debug_frame    0x0000000000000000     0x1298
 .debug_frame   0x0000000000000000       0xd0 Core/Src/main.o
 .debug_frame   0x00000000000000d0       0x80 Core/Src/stm32f4xx_hal_msp.o
 .debug_frame   0x0000000000000150      0x104 Core/Src/stm32f4xx_it.o
 .debug_frame   0x0000000000000254       0x58 Core/Src/system_stm32f4xx.o
 .debug_frame   0x00000000000002ac      0x374 Drivers/STM32F4xx_HAL_Driver/Src/stm32f4xx_hal.o
 .debug_frame   0x0000000000000620      0x3fc Drivers/STM32F4xx_HAL_Driver/Src/stm32f4xx_hal_adc.o
 .debug_frame   0x0000000000000a1c      0x498 Drivers/STM32F4xx_HAL_Driver/Src/stm32f4xx_hal_cortex.o
 .debug_frame   0x0000000000000eb4      0x14c Drivers/STM32F4xx_HAL_Driver/Src/stm32f4xx_hal_gpio.o
 .debug_frame   0x0000000000001000      0x1ec Drivers/STM32F4xx_HAL_Driver/Src/stm32f4xx_hal_rcc.o
 .debug_frame   0x00000000000011ec       0x2c c:/st/stm32cubeide_1.6.0/stm32cubeide/plugins/com.st.stm32cube.ide.mcu.externaltools.gnu-tools-for-stm32.9-2020-q2-update.win32_1.5.0.202011040924/tools/bin/../lib/gcc/arm-none-eabi/9.3.1/../../../../arm-none-eabi/lib/thumb/v7e-m+fp/hard\libc_nano.a(lib_a-init.o)
 .debug_frame   0x0000000000001218       0x20 c:/st/stm32cubeide_1.6.0/stm32cubeide/plugins/com.st.stm32cube.ide.mcu.externaltools.gnu-tools-for-stm32.9-2020-q2-update.win32_1.5.0.202011040924/tools/bin/../lib/gcc/arm-none-eabi/9.3.1/../../../../arm-none-eabi/lib/thumb/v7e-m+fp/hard\libc_nano.a(lib_a-memset.o)
 .debug_frame   0x0000000000001238       0x2c c:/st/stm32cubeide_1.6.0/stm32cubeide/plugins/com.st.stm32cube.ide.mcu.externaltools.gnu-tools-for-stm32.9-2020-q2-update.win32_1.5.0.202011040924/tools/bin/../lib/gcc/arm-none-eabi/9.3.1/thumb/v7e-m+fp/hard\libgcc.a(_aeabi_uldivmod.o)
 .debug_frame   0x0000000000001264       0x34 c:/st/stm32cubeide_1.6.0/stm32cubeide/plugins/com.st.stm32cube.ide.mcu.externaltools.gnu-tools-for-stm32.9-2020-q2-update.win32_1.5.0.202011040924/tools/bin/../lib/gcc/arm-none-eabi/9.3.1/thumb/v7e-m+fp/hard\libgcc.a(_udivmoddi4.o)
