Archive member included to satisfy reference by file (symbol)

c:/st/stm32cubeide_1.6.0/stm32cubeide/plugins/com.st.stm32cube.ide.mcu.externaltools.gnu-tools-for-stm32.9-2020-q2-update.win32_1.5.0.202011040924/tools/bin/../lib/gcc/arm-none-eabi/9.3.1/../../../../arm-none-eabi/lib/thumb/v7e-m+fp/hard\libc_nano.a(lib_a-atoi.o)
                              Core/Src/main.o (atoi)
c:/st/stm32cubeide_1.6.0/stm32cubeide/plugins/com.st.stm32cube.ide.mcu.externaltools.gnu-tools-for-stm32.9-2020-q2-update.win32_1.5.0.202011040924/tools/bin/../lib/gcc/arm-none-eabi/9.3.1/../../../../arm-none-eabi/lib/thumb/v7e-m+fp/hard\libc_nano.a(lib_a-errno.o)
                              Core/Src/syscalls.o (__errno)
c:/st/stm32cubeide_1.6.0/stm32cubeide/plugins/com.st.stm32cube.ide.mcu.externaltools.gnu-tools-for-stm32.9-2020-q2-update.win32_1.5.0.202011040924/tools/bin/../lib/gcc/arm-none-eabi/9.3.1/../../../../arm-none-eabi/lib/thumb/v7e-m+fp/hard\libc_nano.a(lib_a-exit.o)
                              c:/st/stm32cubeide_1.6.0/stm32cubeide/plugins/com.st.stm32cube.ide.mcu.externaltools.gnu-tools-for-stm32.9-2020-q2-update.win32_1.5.0.202011040924/tools/bin/../lib/gcc/arm-none-eabi/9.3.1/../../../../arm-none-eabi/lib/thumb/v7e-m+fp/hard/crt0.o (exit)
c:/st/stm32cubeide_1.6.0/stm32cubeide/plugins/com.st.stm32cube.ide.mcu.externaltools.gnu-tools-for-stm32.9-2020-q2-update.win32_1.5.0.202011040924/tools/bin/../lib/gcc/arm-none-eabi/9.3.1/../../../../arm-none-eabi/lib/thumb/v7e-m+fp/hard\libc_nano.a(lib_a-impure.o)
                              c:/st/stm32cubeide_1.6.0/stm32cubeide/plugins/com.st.stm32cube.ide.mcu.externaltools.gnu-tools-for-stm32.9-2020-q2-update.win32_1.5.0.202011040924/tools/bin/../lib/gcc/arm-none-eabi/9.3.1/../../../../arm-none-eabi/lib/thumb/v7e-m+fp/hard\libc_nano.a(lib_a-exit.o) (_global_impure_ptr)
c:/st/stm32cubeide_1.6.0/stm32cubeide/plugins/com.st.stm32cube.ide.mcu.externaltools.gnu-tools-for-stm32.9-2020-q2-update.win32_1.5.0.202011040924/tools/bin/../lib/gcc/arm-none-eabi/9.3.1/../../../../arm-none-eabi/lib/thumb/v7e-m+fp/hard\libc_nano.a(lib_a-init.o)
                              c:/st/stm32cubeide_1.6.0/stm32cubeide/plugins/com.st.stm32cube.ide.mcu.externaltools.gnu-tools-for-stm32.9-2020-q2-update.win32_1.5.0.202011040924/tools/bin/../lib/gcc/arm-none-eabi/9.3.1/../../../../arm-none-eabi/lib/thumb/v7e-m+fp/hard/crt0.o (__libc_init_array)
c:/st/stm32cubeide_1.6.0/stm32cubeide/plugins/com.st.stm32cube.ide.mcu.externaltools.gnu-tools-for-stm32.9-2020-q2-update.win32_1.5.0.202011040924/tools/bin/../lib/gcc/arm-none-eabi/9.3.1/../../../../arm-none-eabi/lib/thumb/v7e-m+fp/hard\libc_nano.a(lib_a-memcpy-stub.o)
                              Core/Src/main.o (memcpy)
c:/st/stm32cubeide_1.6.0/stm32cubeide/plugins/com.st.stm32cube.ide.mcu.externaltools.gnu-tools-for-stm32.9-2020-q2-update.win32_1.5.0.202011040924/tools/bin/../lib/gcc/arm-none-eabi/9.3.1/../../../../arm-none-eabi/lib/thumb/v7e-m+fp/hard\libc_nano.a(lib_a-memset.o)
                              c:/st/stm32cubeide_1.6.0/stm32cubeide/plugins/com.st.stm32cube.ide.mcu.externaltools.gnu-tools-for-stm32.9-2020-q2-update.win32_1.5.0.202011040924/tools/bin/../lib/gcc/arm-none-eabi/9.3.1/../../../../arm-none-eabi/lib/thumb/v7e-m+fp/hard/crt0.o (memset)
c:/st/stm32cubeide_1.6.0/stm32cubeide/plugins/com.st.stm32cube.ide.mcu.externaltools.gnu-tools-for-stm32.9-2020-q2-update.win32_1.5.0.202011040924/tools/bin/../lib/gcc/arm-none-eabi/9.3.1/../../../../arm-none-eabi/lib/thumb/v7e-m+fp/hard\libc_nano.a(lib_a-sprintf.o)
                              Core/Src/ds3231.o (sprintf)
c:/st/stm32cubeide_1.6.0/stm32cubeide/plugins/com.st.stm32cube.ide.mcu.externaltools.gnu-tools-for-stm32.9-2020-q2-update.win32_1.5.0.202011040924/tools/bin/../lib/gcc/arm-none-eabi/9.3.1/../../../../arm-none-eabi/lib/thumb/v7e-m+fp/hard\libc_nano.a(lib_a-strtol.o)
                              c:/st/stm32cubeide_1.6.0/stm32cubeide/plugins/com.st.stm32cube.ide.mcu.externaltools.gnu-tools-for-stm32.9-2020-q2-update.win32_1.5.0.202011040924/tools/bin/../lib/gcc/arm-none-eabi/9.3.1/../../../../arm-none-eabi/lib/thumb/v7e-m+fp/hard\libc_nano.a(lib_a-atoi.o) (_strtol_r)
c:/st/stm32cubeide_1.6.0/stm32cubeide/plugins/com.st.stm32cube.ide.mcu.externaltools.gnu-tools-for-stm32.9-2020-q2-update.win32_1.5.0.202011040924/tools/bin/../lib/gcc/arm-none-eabi/9.3.1/../../../../arm-none-eabi/lib/thumb/v7e-m+fp/hard\libc_nano.a(lib_a-ctype_.o)
                              c:/st/stm32cubeide_1.6.0/stm32cubeide/plugins/com.st.stm32cube.ide.mcu.externaltools.gnu-tools-for-stm32.9-2020-q2-update.win32_1.5.0.202011040924/tools/bin/../lib/gcc/arm-none-eabi/9.3.1/../../../../arm-none-eabi/lib/thumb/v7e-m+fp/hard\libc_nano.a(lib_a-strtol.o) (_ctype_)
[...]
Memory Configuration

Name             Origin             Length             Attributes
CCMRAM           0x0000000010000000 0x0000000000010000 xrw
RAM              0x0000000020000000 0x0000000000020000 xrw
FLASH            0x0000000008000000 0x0000000000100000 xr
*default*        0x0000000000000000 0xffffffffffffffff

Linker script and memory map

LOAD c:/st/stm32cubeide_1.6.0/stm32cubeide/plugins/com.st.stm32cube.ide.mcu.externaltools.gnu-tools-for-stm32.9-2020-q2-update.win32_1.5.0.202011040924/tools/bin/../lib/gcc/arm-none-eabi/9.3.1/thumb/v7e-m+fp/hard/crti.o
LOAD c:/st/stm32cubeide_1.6.0/stm32cubeide/plugins/com.st.stm32cube.ide.mcu.externaltools.gnu-tools-for-stm32.9-2020-q2-update.win32_1.5.0.202011040924/tools/bin/../lib/gcc/arm-none-eabi/9.3.1/thumb/v7e-m+fp/hard/crtbegin.o
LOAD c:/st/stm32cubeide_1.6.0/stm32cubeide/plugins/com.st.stm32cube.ide.mcu.externaltools.gnu-tools-for-stm32.9-2020-q2-update.win32_1.5.0.202011040924/tools/bin/../lib/gcc/arm-none-eabi/9.3.1/../../../../arm-none-eabi/lib/thumb/v7e-m+fp/hard/crt0.o
LOAD Core/Src/ds3231.o
LOAD Core/Src/fonts.o
LOAD Core/Src/i2c-lcd.o
LOAD Core/Src/main.o
LOAD Core/Src/ssd1306.o
LOAD Core/Src/stm32f4xx_hal_msp.o
LOAD Core/Src/stm32f4xx_it.o
LOAD Core/Src/syscalls.o
LOAD Core/Src/sysmem.o
LOAD Core/Src/system_stm32f4xx.o
LOAD Core/Startup/startup_stm32f407vgtx.o
LOAD Drivers/STM32F4xx_HAL_Driver/Src/stm32f4xx_hal.o
LOAD Drivers/STM32F4xx_HAL_Driver/Src/stm32f4xx_hal_cortex.o
LOAD Drivers/STM32F4xx_HAL_Driver/Src/stm32f4xx_hal_dma.o
LOAD Drivers/STM32F4xx_HAL_Driver/Src/stm32f4xx_hal_dma_ex.o
LOAD Drivers/STM32F4xx_HAL_Driver/Src/stm32f4xx_hal_exti.o
LOAD Drivers/STM32F4xx_HAL_Driver/Src/stm32f4xx_hal_flash.o
LOAD Drivers/STM32F4xx_HAL_Driver/Src/stm32f4xx_hal_flash_ex.o
LOAD Drivers/STM32F4xx_HAL_Driver/Src/stm32f4xx_hal_flash_ramfunc.o
LOAD Drivers/STM32F4xx_HAL_Driver/Src/stm32f4xx_hal_gpio.o
LOAD Drivers/STM32F4xx_HAL_Driver/Src/stm32f4xx_hal_i2c.o
LOAD Drivers/STM32F4xx_HAL_Driver/Src/stm32f4xx_hal_i2c_ex.o
LOAD Drivers/STM32F4xx_HAL_Driver/Src/stm32f4xx_hal_pwr.o
LOAD Drivers/STM32F4xx_HAL_Driver/Src/stm32f4xx_hal_pwr_ex.o
LOAD Drivers/STM32F4xx_HAL_Driver/Src/stm32f4xx_hal_rcc.o
LOAD Drivers/STM32F4xx_HAL_Driver/Src/stm32f4xx_hal_rcc_ex.o
LOAD Drivers/STM32F4xx_HAL_Driver/Src/stm32f4xx_hal_tim.o
LOAD Drivers/STM32F4xx_HAL_Driver/Src/stm32f4xx_hal_tim_ex.o
START GROUP
LOAD c:/st/stm32cubeide_1.6.0/stm32cubeide/plugins/com.st.stm32cube.ide.mcu.externaltools.gnu-tools-for-stm32.9-2020-q2-update.win32_1.5.0.202011040924/tools/bin/../lib/gcc/arm-none-eabi/9.3.1/../../../../arm-none-eabi/lib/thumb/v7e-m+fp/hard\libc_nano.a
LOAD c:/st/stm32cubeide_1.6.0/stm32cubeide/plugins/com.st.stm32cube.ide.mcu.externaltools.gnu-tools-for-stm32.9-2020-q2-update.win32_1.5.0.202011040924/tools/bin/../lib/gcc/arm-none-eabi/9.3.1/../../../../arm-none-eabi/lib/thumb/v7e-m+fp/hard\libm.a
END GROUP
START GROUP
LOAD c:/st/stm32cubeide_1.6.0/stm32cubeide/plugins/com.st.stm32cube.ide.mcu.externaltools.gnu-tools-for-stm32.9-2020-q2-update.win32_1.5.0.202011040924/tools/bin/../lib/gcc/arm-none-eabi/9.3.1/thumb/v7e-m+fp/hard\libgcc.a
LOAD c:/st/stm32cubeide_1.6.0/stm32cubeide/plugins/com.st.stm32cube.ide.mcu.externaltools.gnu-tools-for-stm32.9-2020-q2-update.win32_1.5.0.202011040924/tools/bin/../lib/gcc/arm-none-eabi/9.3.1/../../../../arm-none-eabi/lib/thumb/v7e-m+fp/hard\libc_nano.a
END GROUP
START GROUP
LOAD c:/st/stm32cubeide_1.6.0/stm32cubeide/plugins/com.st.stm32cube.ide.mcu.externaltools.gnu-tools-for-stm32.9-2020-q2-update.win32_1.5.0.202011040924/tools/bin/../lib/gcc/arm-none-eabi/9.3.1/thumb/v7e-m+fp/hard\libgcc.a
LOAD c:/st/stm32cubeide_1.6.0/stm32cubeide/plugins/com.st.stm32cube.ide.mcu.externaltools.gnu-tools-for-stm32.9-2020-q2-update.win32_1.5.0.202011040924/tools/bin/../lib/gcc/arm-none-eabi/9.3.1/../../../../arm-none-eabi/lib/thumb/v7e-m+fp/hard\libc_nano.a
LOAD c:/st/stm32cubeide_1.6.0/stm32cubeide/plugins/com.st.stm32cube.ide.mcu.externaltools.gnu-tools-for-stm32.9-2020-q2-update.win32_1.5.0.202011040924/tools/bin/../lib/gcc/arm-none-eabi/9.3.1/../../../../arm-none-eabi/lib/thumb/v7e-m+fp/hard\libnosys.a
END GROUP
START GROUP
LOAD c:/st/stm32cubeide_1.6.0/stm32cubeide/plugins/com.st.stm32cube.ide.mcu.externaltools.gnu-tools-for-stm32.9-2020-q2-update.win32_1.5.0.202011040924/tools/bin/../lib/gcc/arm-none-eabi/9.3.1/thumb/v7e-m+fp/hard\libgcc.a
LOAD c:/st/stm32cubeide_1.6.0/stm32cubeide/plugins/com.st.stm32cube.ide.mcu.externaltools.gnu-tools-for-stm32.9-2020-q2-update.win32_1.5.0.202011040924/tools/bin/../lib/gcc/arm-none-eabi/9.3.1/../../../../arm-none-eabi/lib/thumb/v7e-m+fp/hard\libc_nano.a
LOAD c:/st/stm32cubeide_1.6.0/stm32cubeide/plugins/com.st.stm32cube.ide.mcu.externaltools.gnu-tools-for-stm32.9-2020-q2-update.win32_1.5.0.202011040924/tools/bin/../lib/gcc/arm-none-eabi/9.3.1/../../../../arm-none-eabi/lib/thumb/v7e-m+fp/hard\libnosys.a
END GROUP
LOAD c:/st/stm32cubeide_1.6.0/stm32cubeide/plugins/com.st.stm32cube.ide.mcu.externaltools.gnu-tools-for-stm32.9-2020-q2-update.win32_1.5.0.202011040924/tools/bin/../lib/gcc/arm-none-eabi/9.3.1/thumb/v7e-m+fp/hard/crtend.o
LOAD c:/st/stm32cubeide_1.6.0/stm32cubeide/plugins/com.st.stm32cube.ide.mcu.externaltools.gnu-tools-for-stm32.9-2020-q2-update.win32_1.5.0.202011040924/tools/bin/../lib/gcc/arm-none-eabi/9.3.1/thumb/v7e-m+fp/hard/crtn.o
                0x0000000020020000                _estack = (ORIGIN (RAM) + LENGTH (RAM))
                0x0000000000000200                _Min_Heap_Size = 0x200
                0x0000000000000400                _Min_Stack_Size = 0x400

.isr_vector     0x0000000008000000      0x188
                0x0000000008000000                . = ALIGN (0x4)
 *(.isr_vector)
 .isr_vector    0x0000000008000000      0x188 Core/Startup/startup_stm32f407vgtx.o
                0x0000000008000000                g_pfnVectors
                0x0000000008000188                . = ALIGN (0x4)

.text           0x0000000008000190     0x3d8c
                0x0000000008000190                . = ALIGN (0x4)
 *(.text)
 .text          0x0000000008000190       0x40 c:/st/stm32cubeide_1.6.0/stm32cubeide/plugins/com.st.stm32cube.ide.mcu.externaltools.gnu-tools-for-stm32.9-2020-q2-update.win32_1.5.0.202011040924/tools/bin/../lib/gcc/arm-none-eabi/9.3.1/thumb/v7e-m+fp/hard/crtbegin.o
 .text          0x00000000080001d0       0xa0 c:/st/stm32cubeide_1.6.0/stm32cubeide/plugins/com.st.stm32cube.ide.mcu.externaltools.gnu-tools-for-stm32.9-2020-q2-update.win32_1.5.0.202011040924/tools/bin/../lib/gcc/arm-none-eabi/9.3.1/../../../../arm-none-eabi/lib/thumb/v7e-m+fp/hard\libc_nano.a(lib_a-memchr.o)
                0x00000000080001d0                memchr
 .text          0x0000000008000270       0x30 c:/st/stm32cubeide_1.6.0/stm32cubeide/plugins/com.st.stm32cube.ide.mcu.externaltools.gnu-tools-for-stm32.9-2020-q2-update.win32_1.5.0.202011040924/tools/bin/../lib/gcc/arm-none-eabi/9.3.1/thumb/v7e-m+fp/hard\libgcc.a(_aeabi_uldivmod.o)
                0x0000000008000270                __aeabi_uldivmod
 .text          0x00000000080002a0      0x2c4 c:/st/stm32cubeide_1.6.0/stm32cubeide/plugins/com.st.stm32cube.ide.mcu.externaltools.gnu-tools-for-stm32.9-2020-q2-update.win32_1.5.0.202011040924/tools/bin/../lib/gcc/arm-none-eabi/9.3.1/thumb/v7e-m+fp/hard\libgcc.a(_udivmoddi4.o)
                0x00000000080002a0                __udivmoddi4
 .text          0x0000000008000564        0x4 c:/st/stm32cubeide_1.6.0/stm32cubeide/plugins/com.st.stm32cube.ide.mcu.externaltools.gnu-tools-for-stm32.9-2020-q2-update.win32_1.5.0.202011040924/tools/bin/../lib/gcc/arm-none-eabi/9.3.1/thumb/v7e-m+fp/hard\libgcc.a(_dvmd_tls.o)
                0x0000000008000564                __aeabi_idiv0
                0x0000000008000564                __aeabi_ldiv0
 *(.text*)
 .text.BCD2DEC  0x0000000008000568       0x34 Core/Src/ds3231.o
                0x0000000008000568                BCD2DEC
 .text.DEC2BCD  0x000000000800059c       0x4c Core/Src/ds3231.o
                0x000000000800059c                DEC2BCD
 .text.DS3231_sendData
                0x00000000080005e8       0x70 Core/Src/ds3231.o
                0x00000000080005e8                DS3231_sendData
 .text.DS3231_setDate
                0x0000000008000658       0x9c Core/Src/ds3231.o
                0x0000000008000658                DS3231_setDate
 .text.I2C_ReadCalendarData
                0x00000000080006f4       0xa8 Core/Src/ds3231.o
                0x00000000080006f4                I2C_ReadCalendarData
 .text.retrnAsString
                0x000000000800079c       0x74 Core/Src/ds3231.o
                0x000000000800079c                retrnAsString
 .text.readSeconds
                0x0000000008000810       0x18 Core/Src/ds3231.o
                0x0000000008000810                readSeconds
 .text.readMinutes
                0x0000000008000828       0x18 Core/Src/ds3231.o
                0x0000000008000828                readMinutes
 .text.readHours
                0x0000000008000840       0x18 Core/Src/ds3231.o
                0x0000000008000840                readHours
 .text.readDate
                0x0000000008000858       0x18 Core/Src/ds3231.o
                0x0000000008000858                readDate
 .text.readMonth
                0x0000000008000870       0x18 Core/Src/ds3231.o
                0x0000000008000870                readMonth
 .text.readYear
                0x0000000008000888       0x18 Core/Src/ds3231.o
                0x0000000008000888                readYear
 .text.setSeconds
                0x00000000080008a0       0x28 Core/Src/ds3231.o
                0x00000000080008a0                setSeconds
 .text.setMinutes
                0x00000000080008c8       0x28 Core/Src/ds3231.o
                0x00000000080008c8                setMinutes
 .text.setHour  0x00000000080008f0       0x28 Core/Src/ds3231.o
                0x00000000080008f0                setHour
 .text.setDate  0x0000000008000918       0x28 Core/Src/ds3231.o
                0x0000000008000918                setDate
 .text.setMonth
                0x0000000008000940       0x28 Core/Src/ds3231.o
                0x0000000008000940                setMonth
 .text.setYear  0x0000000008000968       0x28 Core/Src/ds3231.o
                0x0000000008000968                setYear
 .text.lcd_send_cmd
                0x0000000008000990       0x60 Core/Src/i2c-lcd.o
                0x0000000008000990                lcd_send_cmd
 .text.lcd_init
                0x00000000080009f0       0x20 Core/Src/i2c-lcd.o
                0x00000000080009f0                lcd_init
 .text.main     0x0000000008000a10      0x1a4 Core/Src/main.o
                0x0000000008000a10                main
 .text.SystemClock_Config
                0x0000000008000bb4       0xd4 Core/Src/main.o
                0x0000000008000bb4                SystemClock_Config
 .text.MX_I2C1_Init
                0x0000000008000c88       0x5c Core/Src/main.o
 .text.MX_I2C2_Init
                0x0000000008000ce4       0x5c Core/Src/main.o
 .text.MX_GPIO_Init
                0x0000000008000d40       0x50 Core/Src/main.o
 .text.Error_Handler
                0x0000000008000d90        0xa Core/Src/main.o
                0x0000000008000d90                Error_Handler
 *fill*         0x0000000008000d9a        0x2 
 .text.ssd1306_WriteCommand
                0x0000000008000d9c       0x30 Core/Src/ssd1306.o
 .text.ssd1306_Init
                0x0000000008000dcc       0xd8 Core/Src/ssd1306.o
                0x0000000008000dcc                ssd1306_Init
 .text.ssd1306_Fill
                0x0000000008000ea4       0x48 Core/Src/ssd1306.o
                0x0000000008000ea4                ssd1306_Fill
 .text.ssd1306_UpdateScreen
                0x0000000008000eec       0x60 Core/Src/ssd1306.o
                0x0000000008000eec                ssd1306_UpdateScreen
 .text.ssd1306_DrawPixel
                0x0000000008000f4c       0xc0 Core/Src/ssd1306.o
                0x0000000008000f4c                ssd1306_DrawPixel
 .text.ssd1306_WriteChar
                0x000000000800100c      0x100 Core/Src/ssd1306.o
                0x000000000800100c                ssd1306_WriteChar
 .text.ssd1306_WriteString
                0x000000000800110c       0x4c Core/Src/ssd1306.o
                0x000000000800110c                ssd1306_WriteString
 .text.ssd1306_SetCursor
                0x0000000008001158       0x30 Core/Src/ssd1306.o
                0x0000000008001158                ssd1306_SetCursor
 .text.HAL_MspInit
                0x0000000008001188       0x50 Core/Src/stm32f4xx_hal_msp.o
                0x0000000008001188                HAL_MspInit
 .text.HAL_I2C_MspInit
                0x00000000080011d8       0xf8 Core/Src/stm32f4xx_hal_msp.o
                0x00000000080011d8                HAL_I2C_MspInit
 .text.NMI_Handler
                0x00000000080012d0        0x6 Core/Src/stm32f4xx_it.o
                0x00000000080012d0                NMI_Handler
 .text.HardFault_Handler
                0x00000000080012d6        0x6 Core/Src/stm32f4xx_it.o
                0x00000000080012d6                HardFault_Handler
 .text.MemManage_Handler
                0x00000000080012dc        0x6 Core/Src/stm32f4xx_it.o
                0x00000000080012dc                MemManage_Handler
 .text.BusFault_Handler
                0x00000000080012e2        0x6 Core/Src/stm32f4xx_it.o
                0x00000000080012e2                BusFault_Handler
 .text.UsageFault_Handler
                0x00000000080012e8        0x6 Core/Src/stm32f4xx_it.o
                0x00000000080012e8                UsageFault_Handler
 .text.SVC_Handler
                0x00000000080012ee        0xe Core/Src/stm32f4xx_it.o
                0x00000000080012ee                SVC_Handler
 .text.DebugMon_Handler
                0x00000000080012fc        0xe Core/Src/stm32f4xx_it.o
                0x00000000080012fc                DebugMon_Handler
 .text.PendSV_Handler
                0x000000000800130a        0xe Core/Src/stm32f4xx_it.o
                0x000000000800130a                PendSV_Handler
 .text.SysTick_Handler
                0x0000000008001318        0xc Core/Src/stm32f4xx_it.o
                0x0000000008001318                SysTick_Handler
 .text._sbrk    0x0000000008001324       0x6c Core/Src/sysmem.o
                0x0000000008001324                _sbrk
 .text.SystemInit
                0x0000000008001390       0x24 Core/Src/system_stm32f4xx.o
                0x0000000008001390                SystemInit
 .text.Reset_Handler
                0x00000000080013b4       0x50 Core/Startup/startup_stm32f407vgtx.o
                0x00000000080013b4                Reset_Handler
 .text.Default_Handler
                0x0000000008001404        0x2 Core/Startup/startup_stm32f407vgtx.o
                0x0000000008001404                RTC_Alarm_IRQHandler
                0x0000000008001404                HASH_RNG_IRQHandler
                0x0000000008001404                EXTI2_IRQHandler
                0x0000000008001404                TIM8_CC_IRQHandler
                0x0000000008001404                TIM1_CC_IRQHandler
                0x0000000008001404                DMA2_Stream5_IRQHandler
                0x0000000008001404                DMA1_Stream5_IRQHandler
                0x0000000008001404                PVD_IRQHandler
                0x0000000008001404                SDIO_IRQHandler
                0x0000000008001404                TAMP_STAMP_IRQHandler
                0x0000000008001404                CAN2_RX1_IRQHandler
                0x0000000008001404                EXTI3_IRQHandler
                0x0000000008001404                TIM8_TRG_COM_TIM14_IRQHandler
                0x0000000008001404                TIM1_UP_TIM10_IRQHandler
                0x0000000008001404                TIM8_UP_TIM13_IRQHandler
                0x0000000008001404                I2C3_ER_IRQHandler
                0x0000000008001404                EXTI0_IRQHandler
                0x0000000008001404                I2C2_EV_IRQHandler
                0x0000000008001404                DMA1_Stream2_IRQHandler
                0x0000000008001404                CAN1_RX0_IRQHandler
                0x0000000008001404                FPU_IRQHandler
                0x0000000008001404                OTG_HS_WKUP_IRQHandler
                0x0000000008001404                CAN2_SCE_IRQHandler
                0x0000000008001404                DMA2_Stream2_IRQHandler
                0x0000000008001404                SPI1_IRQHandler
                0x0000000008001404                TIM6_DAC_IRQHandler
                0x0000000008001404                TIM1_BRK_TIM9_IRQHandler
                0x0000000008001404                DCMI_IRQHandler
                0x0000000008001404                CAN2_RX0_IRQHandler
                0x0000000008001404                DMA2_Stream3_IRQHandler
                0x0000000008001404                USART6_IRQHandler
                0x0000000008001404                USART3_IRQHandler
                0x0000000008001404                CAN1_RX1_IRQHandler
                0x0000000008001404                UART5_IRQHandler
                0x0000000008001404                DMA2_Stream0_IRQHandler
                0x0000000008001404                TIM4_IRQHandler
                0x0000000008001404                I2C1_EV_IRQHandler
                0x0000000008001404                DMA1_Stream6_IRQHandler
                0x0000000008001404                DMA1_Stream1_IRQHandler
                0x0000000008001404                UART4_IRQHandler
                0x0000000008001404                TIM3_IRQHandler
                0x0000000008001404                RCC_IRQHandler
                0x0000000008001404                TIM8_BRK_TIM12_IRQHandler
                0x0000000008001404                Default_Handler
                0x0000000008001404                EXTI15_10_IRQHandler
                0x0000000008001404                ADC_IRQHandler
                0x0000000008001404                DMA1_Stream7_IRQHandler
                0x0000000008001404                TIM7_IRQHandler
                0x0000000008001404                CAN2_TX_IRQHandler
                0x0000000008001404                TIM5_IRQHandler
                0x0000000008001404                DMA2_Stream7_IRQHandler
                0x0000000008001404                I2C3_EV_IRQHandler
                0x0000000008001404                EXTI9_5_IRQHandler
                0x0000000008001404                RTC_WKUP_IRQHandler
                0x0000000008001404                ETH_WKUP_IRQHandler
                0x0000000008001404                SPI2_IRQHandler
                0x0000000008001404                OTG_HS_EP1_IN_IRQHandler
                0x0000000008001404                DMA1_Stream0_IRQHandler
                0x0000000008001404                CAN1_TX_IRQHandler
                0x0000000008001404                EXTI4_IRQHandler
                0x0000000008001404                FSMC_IRQHandler
                0x0000000008001404                ETH_IRQHandler
                0x0000000008001404                OTG_HS_EP1_OUT_IRQHandler
                0x0000000008001404                WWDG_IRQHandler
                0x0000000008001404                TIM2_IRQHandler
                0x0000000008001404                OTG_FS_WKUP_IRQHandler
                0x0000000008001404                TIM1_TRG_COM_TIM11_IRQHandler
                0x0000000008001404                OTG_HS_IRQHandler
                0x0000000008001404                EXTI1_IRQHandler
                0x0000000008001404                USART2_IRQHandler
                0x0000000008001404                I2C2_ER_IRQHandler
                0x0000000008001404                DMA2_Stream1_IRQHandler
                0x0000000008001404                CAN1_SCE_IRQHandler
                0x0000000008001404                FLASH_IRQHandler
                0x0000000008001404                DMA2_Stream4_IRQHandler
                0x0000000008001404                USART1_IRQHandler
                0x0000000008001404                OTG_FS_IRQHandler
                0x0000000008001404                SPI3_IRQHandler
                0x0000000008001404                DMA1_Stream4_IRQHandler
                0x0000000008001404                I2C1_ER_IRQHandler
                0x0000000008001404                DMA2_Stream6_IRQHandler
                0x0000000008001404                DMA1_Stream3_IRQHandler
 *fill*         0x0000000008001406        0x2 
 .text.HAL_Init
                0x0000000008001408       0x44 Drivers/STM32F4xx_HAL_Driver/Src/stm32f4xx_hal.o
                0x0000000008001408                HAL_Init
 .text.HAL_InitTick
                0x000000000800144c       0x60 Drivers/STM32F4xx_HAL_Driver/Src/stm32f4xx_hal.o
                0x000000000800144c                HAL_InitTick
 .text.HAL_IncTick
                0x00000000080014ac       0x28 Drivers/STM32F4xx_HAL_Driver/Src/stm32f4xx_hal.o
                0x00000000080014ac                HAL_IncTick
 .text.HAL_GetTick
                0x00000000080014d4       0x18 Drivers/STM32F4xx_HAL_Driver/Src/stm32f4xx_hal.o
                0x00000000080014d4                HAL_GetTick
 .text.HAL_Delay
                0x00000000080014ec       0x48 Drivers/STM32F4xx_HAL_Driver/Src/stm32f4xx_hal.o
                0x00000000080014ec                HAL_Delay
 .text.__NVIC_SetPriorityGrouping
                0x0000000008001534       0x48 Drivers/STM32F4xx_HAL_Driver/Src/stm32f4xx_hal_cortex.o
 .text.__NVIC_GetPriorityGrouping
                0x000000000800157c       0x1c Drivers/STM32F4xx_HAL_Driver/Src/stm32f4xx_hal_cortex.o
 .text.__NVIC_SetPriority
                0x0000000008001598       0x54 Drivers/STM32F4xx_HAL_Driver/Src/stm32f4xx_hal_cortex.o
 .text.NVIC_EncodePriority
                0x00000000080015ec       0x66 Drivers/STM32F4xx_HAL_Driver/Src/stm32f4xx_hal_cortex.o
 *fill*         0x0000000008001652        0x2 
 .text.SysTick_Config
                0x0000000008001654       0x44 Drivers/STM32F4xx_HAL_Driver/Src/stm32f4xx_hal_cortex.o
 .text.HAL_NVIC_SetPriorityGrouping
                0x0000000008001698       0x16 Drivers/STM32F4xx_HAL_Driver/Src/stm32f4xx_hal_cortex.o
                0x0000000008001698                HAL_NVIC_SetPriorityGrouping
 .text.HAL_NVIC_SetPriority
                0x00000000080016ae       0x38 Drivers/STM32F4xx_HAL_Driver/Src/stm32f4xx_hal_cortex.o
                0x00000000080016ae                HAL_NVIC_SetPriority
 .text.HAL_SYSTICK_Config
                0x00000000080016e6       0x18 Drivers/STM32F4xx_HAL_Driver/Src/stm32f4xx_hal_cortex.o
                0x00000000080016e6                HAL_SYSTICK_Config
 *fill*         0x00000000080016fe        0x2 
 .text.HAL_GPIO_Init
                0x0000000008001700      0x338 Drivers/STM32F4xx_HAL_Driver/Src/stm32f4xx_hal_gpio.o
                0x0000000008001700                HAL_GPIO_Init
 .text.HAL_I2C_Init
                0x0000000008001a38      0x288 Drivers/STM32F4xx_HAL_Driver/Src/stm32f4xx_hal_i2c.o
                0x0000000008001a38                HAL_I2C_Init
 .text.HAL_I2C_Master_Transmit
                0x0000000008001cc0      0x1fc Drivers/STM32F4xx_HAL_Driver/Src/stm32f4xx_hal_i2c.o
                0x0000000008001cc0                HAL_I2C_Master_Transmit
 .text.HAL_I2C_Master_Receive
                0x0000000008001ebc      0x44c Drivers/STM32F4xx_HAL_Driver/Src/stm32f4xx_hal_i2c.o
                0x0000000008001ebc                HAL_I2C_Master_Receive
 .text.HAL_I2C_Mem_Write
                0x0000000008002308      0x1f4 Drivers/STM32F4xx_HAL_Driver/Src/stm32f4xx_hal_i2c.o
                0x0000000008002308                HAL_I2C_Mem_Write
 .text.HAL_I2C_GetState
                0x00000000080024fc       0x1c Drivers/STM32F4xx_HAL_Driver/Src/stm32f4xx_hal_i2c.o
                0x00000000080024fc                HAL_I2C_GetState
 .text.HAL_I2C_GetError
                0x0000000008002518       0x18 Drivers/STM32F4xx_HAL_Driver/Src/stm32f4xx_hal_i2c.o
                0x0000000008002518                HAL_I2C_GetError
 .text.I2C_MasterRequestWrite
                0x0000000008002530      0x104 Drivers/STM32F4xx_HAL_Driver/Src/stm32f4xx_hal_i2c.o
 .text.I2C_MasterRequestRead
                0x0000000008002634      0x19c Drivers/STM32F4xx_HAL_Driver/Src/stm32f4xx_hal_i2c.o
 .text.I2C_RequestMemoryWrite
                0x00000000080027d0      0x12c Drivers/STM32F4xx_HAL_Driver/Src/stm32f4xx_hal_i2c.o
 .text.I2C_WaitOnFlagUntilTimeout
                0x00000000080028fc       0xae Drivers/STM32F4xx_HAL_Driver/Src/stm32f4xx_hal_i2c.o
 .text.I2C_WaitOnMasterAddressFlagUntilTimeout
                0x00000000080029aa       0xfe Drivers/STM32F4xx_HAL_Driver/Src/stm32f4xx_hal_i2c.o
 .text.I2C_WaitOnTXEFlagUntilTimeout
                0x0000000008002aa8       0x82 Drivers/STM32F4xx_HAL_Driver/Src/stm32f4xx_hal_i2c.o
 .text.I2C_WaitOnBTFFlagUntilTimeout
                0x0000000008002b2a       0x82 Drivers/STM32F4xx_HAL_Driver/Src/stm32f4xx_hal_i2c.o
 .text.I2C_WaitOnRXNEFlagUntilTimeout
                0x0000000008002bac       0xac Drivers/STM32F4xx_HAL_Driver/Src/stm32f4xx_hal_i2c.o
 .text.I2C_IsAcknowledgeFailed
                0x0000000008002c58       0x5e Drivers/STM32F4xx_HAL_Driver/Src/stm32f4xx_hal_i2c.o
 *fill*         0x0000000008002cb6        0x2 
 .text.HAL_RCC_OscConfig
                0x0000000008002cb8      0x4f0 Drivers/STM32F4xx_HAL_Driver/Src/stm32f4xx_hal_rcc.o
                0x0000000008002cb8                HAL_RCC_OscConfig
 .text.HAL_RCC_ClockConfig
                0x00000000080031a8      0x1cc Drivers/STM32F4xx_HAL_Driver/Src/stm32f4xx_hal_rcc.o
                0x00000000080031a8                HAL_RCC_ClockConfig
 .text.HAL_RCC_GetSysClockFreq
                0x0000000008003374      0x16c Drivers/STM32F4xx_HAL_Driver/Src/stm32f4xx_hal_rcc.o
                0x0000000008003374                HAL_RCC_GetSysClockFreq
 .text.HAL_RCC_GetHCLKFreq
                0x00000000080034e0       0x18 Drivers/STM32F4xx_HAL_Driver/Src/stm32f4xx_hal_rcc.o
                0x00000000080034e0                HAL_RCC_GetHCLKFreq
 .text.HAL_RCC_GetPCLK1Freq
                0x00000000080034f8       0x28 Drivers/STM32F4xx_HAL_Driver/Src/stm32f4xx_hal_rcc.o
                0x00000000080034f8                HAL_RCC_GetPCLK1Freq
 .text.atoi     0x0000000008003520        0x8 c:/st/stm32cubeide_1.6.0/stm32cubeide/plugins/com.st.stm32cube.ide.mcu.externaltools.gnu-tools-for-stm32.9-2020-q2-update.win32_1.5.0.202011040924/tools/bin/../lib/gcc/arm-none-eabi/9.3.1/../../../../arm-none-eabi/lib/thumb/v7e-m+fp/hard\libc_nano.a(lib_a-atoi.o)
                0x0000000008003520                atoi
 .text.__errno  0x0000000008003528        0xc c:/st/stm32cubeide_1.6.0/stm32cubeide/plugins/com.st.stm32cube.ide.mcu.externaltools.gnu-tools-for-stm32.9-2020-q2-update.win32_1.5.0.202011040924/tools/bin/../lib/gcc/arm-none-eabi/9.3.1/../../../../arm-none-eabi/lib/thumb/v7e-m+fp/hard\libc_nano.a(lib_a-errno.o)
                0x0000000008003528                __errno
 .text.__libc_init_array
                0x0000000008003534       0x48 c:/st/stm32cubeide_1.6.0/stm32cubeide/plugins/com.st.stm32cube.ide.mcu.externaltools.gnu-tools-for-stm32.9-2020-q2-update.win32_1.5.0.202011040924/tools/bin/../lib/gcc/arm-none-eabi/9.3.1/../../../../arm-none-eabi/lib/thumb/v7e-m+fp/hard\libc_nano.a(lib_a-init.o)
                0x0000000008003534                __libc_init_array
 .text.memcpy   0x000000000800357c       0x1c c:/st/stm32cubeide_1.6.0/stm32cubeide/plugins/com.st.stm32cube.ide.mcu.externaltools.gnu-tools-for-stm32.9-2020-q2-update.win32_1.5.0.202011040924/tools/bin/../lib/gcc/arm-none-eabi/9.3.1/../../../../arm-none-eabi/lib/thumb/v7e-m+fp/hard\libc_nano.a(lib_a-memcpy-stub.o)
                0x000000000800357c                memcpy
 .text.memset   0x0000000008003598       0x10 c:/st/stm32cubeide_1.6.0/stm32cubeide/plugins/com.st.stm32cube.ide.mcu.externaltools.gnu-tools-for-stm32.9-2020-q2-update.win32_1.5.0.202011040924/tools/bin/../lib/gcc/arm-none-eabi/9.3.1/../../../../arm-none-eabi/lib/thumb/v7e-m+fp/hard\libc_nano.a(lib_a-memset.o)
                0x0000000008003598                memset
 .text.sprintf  0x00000000080035a8       0x40 c:/st/stm32cubeide_1.6.0/stm32cubeide/plugins/com.st.stm32cube.ide.mcu.externaltools.gnu-tools-for-stm32.9-2020-q2-update.win32_1.5.0.202011040924/tools/bin/../lib/gcc/arm-none-eabi/9.3.1/../../../../arm-none-eabi/lib/thumb/v7e-m+fp/hard\libc_nano.a(lib_a-sprintf.o)
                0x00000000080035a8                siprintf
                0x00000000080035a8                sprintf
 .text._strtol_l.isra.0
                0x00000000080035e8      0x108 c:/st/stm32cubeide_1.6.0/stm32cubeide/plugins/com.st.stm32cube.ide.mcu.externaltools.gnu-tools-for-stm32.9-2020-q2-update.win32_1.5.0.202011040924/tools/bin/../lib/gcc/arm-none-eabi/9.3.1/../../../../arm-none-eabi/lib/thumb/v7e-m+fp/hard\libc_nano.a(lib_a-strtol.o)
 .text.strtol   0x00000000080036f0       0x14 c:/st/stm32cubeide_1.6.0/stm32cubeide/plugins/com.st.stm32cube.ide.mcu.externaltools.gnu-tools-for-stm32.9-2020-q2-update.win32_1.5.0.202011040924/tools/bin/../lib/gcc/arm-none-eabi/9.3.1/../../../../arm-none-eabi/lib/thumb/v7e-m+fp/hard\libc_nano.a(lib_a-strtol.o)
                0x00000000080036f0                strtol
 .text.__ssputs_r
                0x0000000008003704       0xb6 c:/st/stm32cubeide_1.6.0/stm32cubeide/plugins/com.st.stm32cube.ide.mcu.externaltools.gnu-tools-for-stm32.9-2020-q2-update.win32_1.5.0.202011040924/tools/bin/../lib/gcc/arm-none-eabi/9.3.1/../../../../arm-none-eabi/lib/thumb/v7e-m+fp/hard\libc_nano.a(lib_a-nano-svfprintf.o)
                0x0000000008003704                __ssputs_r
 *fill*         0x00000000080037ba        0x2 
 .text._svfprintf_r
                0x00000000080037bc      0x200 c:/st/stm32cubeide_1.6.0/stm32cubeide/plugins/com.st.stm32cube.ide.mcu.externaltools.gnu-tools-for-stm32.9-2020-q2-update.win32_1.5.0.202011040924/tools/bin/../lib/gcc/arm-none-eabi/9.3.1/../../../../arm-none-eabi/lib/thumb/v7e-m+fp/hard\libc_nano.a(lib_a-nano-svfprintf.o)
                0x00000000080037bc                _svfiprintf_r
                0x00000000080037bc                _svfprintf_r
 .text._printf_common
                0x00000000080039bc       0xda c:/st/stm32cubeide_1.6.0/stm32cubeide/plugins/com.st.stm32cube.ide.mcu.externaltools.gnu-tools-for-stm32.9-2020-q2-update.win32_1.5.0.202011040924/tools/bin/../lib/gcc/arm-none-eabi/9.3.1/../../../../arm-none-eabi/lib/thumb/v7e-m+fp/hard\libc_nano.a(lib_a-nano-vfprintf_i.o)
                0x00000000080039bc                _printf_common
 *fill*         0x0000000008003a96        0x2 
 .text._printf_i
                0x0000000008003a98      0x24c c:/st/stm32cubeide_1.6.0/stm32cubeide/plugins/com.st.stm32cube.ide.mcu.externaltools.gnu-tools-for-stm32.9-2020-q2-update.win32_1.5.0.202011040924/tools/bin/../lib/gcc/arm-none-eabi/9.3.1/../../../../arm-none-eabi/lib/thumb/v7e-m+fp/hard\libc_nano.a(lib_a-nano-vfprintf_i.o)
                0x0000000008003a98                _printf_i
 .text.memmove  0x0000000008003ce4       0x34 c:/st/stm32cubeide_1.6.0/stm32cubeide/plugins/com.st.stm32cube.ide.mcu.externaltools.gnu-tools-for-stm32.9-2020-q2-update.win32_1.5.0.202011040924/tools/bin/../lib/gcc/arm-none-eabi/9.3.1/../../../../arm-none-eabi/lib/thumb/v7e-m+fp/hard\libc_nano.a(lib_a-memmove.o)
                0x0000000008003ce4                memmove
 .text._free_r  0x0000000008003d18       0xa0 c:/st/stm32cubeide_1.6.0/stm32cubeide/plugins/com.st.stm32cube.ide.mcu.externaltools.gnu-tools-for-stm32.9-2020-q2-update.win32_1.5.0.202011040924/tools/bin/../lib/gcc/arm-none-eabi/9.3.1/../../../../arm-none-eabi/lib/thumb/v7e-m+fp/hard\libc_nano.a(lib_a-nano-freer.o)
                0x0000000008003d18                _free_r
 .text._malloc_r
                0x0000000008003db8       0xb4 c:/st/stm32cubeide_1.6.0/stm32cubeide/plugins/com.st.stm32cube.ide.mcu.externaltools.gnu-tools-for-stm32.9-2020-q2-update.win32_1.5.0.202011040924/tools/bin/../lib/gcc/arm-none-eabi/9.3.1/../../../../arm-none-eabi/lib/thumb/v7e-m+fp/hard\libc_nano.a(lib_a-nano-mallocr.o)
                0x0000000008003db8                _malloc_r
 .text._realloc_r
                0x0000000008003e6c       0x4c c:/st/stm32cubeide_1.6.0/stm32cubeide/plugins/com.st.stm32cube.ide.mcu.externaltools.gnu-tools-for-stm32.9-2020-q2-update.win32_1.5.0.202011040924/tools/bin/../lib/gcc/arm-none-eabi/9.3.1/../../../../arm-none-eabi/lib/thumb/v7e-m+fp/hard\libc_nano.a(lib_a-nano-reallocr.o)
                0x0000000008003e6c                _realloc_r
 .text._sbrk_r  0x0000000008003eb8       0x20 c:/st/stm32cubeide_1.6.0/stm32cubeide/plugins/com.st.stm32cube.ide.mcu.externaltools.gnu-tools-for-stm32.9-2020-q2-update.win32_1.5.0.202011040924/tools/bin/../lib/gcc/arm-none-eabi/9.3.1/../../../../arm-none-eabi/lib/thumb/v7e-m+fp/hard\libc_nano.a(lib_a-sbrkr.o)
                0x0000000008003eb8                _sbrk_r
 .text.__malloc_lock
                0x0000000008003ed8        0xc c:/st/stm32cubeide_1.6.0/stm32cubeide/plugins/com.st.stm32cube.ide.mcu.externaltools.gnu-tools-for-stm32.9-2020-q2-update.win32_1.5.0.202011040924/tools/bin/../lib/gcc/arm-none-eabi/9.3.1/../../../../arm-none-eabi/lib/thumb/v7e-m+fp/hard\libc_nano.a(lib_a-mlock.o)
                0x0000000008003ed8                __malloc_lock
 .text.__malloc_unlock
                0x0000000008003ee4        0xc c:/st/stm32cubeide_1.6.0/stm32cubeide/plugins/com.st.stm32cube.ide.mcu.externaltools.gnu-tools-for-stm32.9-2020-q2-update.win32_1.5.0.202011040924/tools/bin/../lib/gcc/arm-none-eabi/9.3.1/../../../../arm-none-eabi/lib/thumb/v7e-m+fp/hard\libc_nano.a(lib_a-mlock.o)
                0x0000000008003ee4                __malloc_unlock
 .text._malloc_usable_size_r
                0x0000000008003ef0       0x10 c:/st/stm32cubeide_1.6.0/stm32cubeide/plugins/com.st.stm32cube.ide.mcu.externaltools.gnu-tools-for-stm32.9-2020-q2-update.win32_1.5.0.202011040924/tools/bin/../lib/gcc/arm-none-eabi/9.3.1/../../../../arm-none-eabi/lib/thumb/v7e-m+fp/hard\libc_nano.a(lib_a-nano-msizer.o)
                0x0000000008003ef0                _malloc_usable_size_r
 .text.__retarget_lock_acquire_recursive
                0x0000000008003f00        0x2 c:/st/stm32cubeide_1.6.0/stm32cubeide/plugins/com.st.stm32cube.ide.mcu.externaltools.gnu-tools-for-stm32.9-2020-q2-update.win32_1.5.0.202011040924/tools/bin/../lib/gcc/arm-none-eabi/9.3.1/../../../../arm-none-eabi/lib/thumb/v7e-m+fp/hard\libc_nano.a(lib_a-lock.o)
                0x0000000008003f00                __retarget_lock_acquire_recursive
 .text.__retarget_lock_release_recursive
                0x0000000008003f02        0x2 c:/st/stm32cubeide_1.6.0/stm32cubeide/plugins/com.st.stm32cube.ide.mcu.externaltools.gnu-tools-for-stm32.9-2020-q2-update.win32_1.5.0.202011040924/tools/bin/../lib/gcc/arm-none-eabi/9.3.1/../../../../arm-none-eabi/lib/thumb/v7e-m+fp/hard\libc_nano.a(lib_a-lock.o)
                0x0000000008003f02                __retarget_lock_release_recursive
 *(.glue_7)
 .glue_7        0x0000000008003f04        0x0 linker stubs
 *(.glue_7t)
 .glue_7t       0x0000000008003f04        0x0 linker stubs
 *(.eh_frame)
 .eh_frame      0x0000000008003f04        0x0 c:/st/stm32cubeide_1.6.0/stm32cubeide/plugins/com.st.stm32cube.ide.mcu.externaltools.gnu-tools-for-stm32.9-2020-q2-update.win32_1.5.0.202011040924/tools/bin/../lib/gcc/arm-none-eabi/9.3.1/thumb/v7e-m+fp/hard/crtbegin.o
 *(.init)
 .init          0x0000000008003f04        0x4 c:/st/stm32cubeide_1.6.0/stm32cubeide/plugins/com.st.stm32cube.ide.mcu.externaltools.gnu-tools-for-stm32.9-2020-q2-update.win32_1.5.0.202011040924/tools/bin/../lib/gcc/arm-none-eabi/9.3.1/thumb/v7e-m+fp/hard/crti.o
                0x0000000008003f04                _init
 .init          0x0000000008003f08        0x8 c:/st/stm32cubeide_1.6.0/stm32cubeide/plugins/com.st.stm32cube.ide.mcu.externaltools.gnu-tools-for-stm32.9-2020-q2-update.win32_1.5.0.202011040924/tools/bin/../lib/gcc/arm-none-eabi/9.3.1/thumb/v7e-m+fp/hard/crtn.o
 *(.fini)
 .fini          0x0000000008003f10        0x4 c:/st/stm32cubeide_1.6.0/stm32cubeide/plugins/com.st.stm32cube.ide.mcu.externaltools.gnu-tools-for-stm32.9-2020-q2-update.win32_1.5.0.202011040924/tools/bin/../lib/gcc/arm-none-eabi/9.3.1/thumb/v7e-m+fp/hard/crti.o
                0x0000000008003f10                _fini
 .fini          0x0000000008003f14        0x8 c:/st/stm32cubeide_1.6.0/stm32cubeide/plugins/com.st.stm32cube.ide.mcu.externaltools.gnu-tools-for-stm32.9-2020-q2-update.win32_1.5.0.202011040924/tools/bin/../lib/gcc/arm-none-eabi/9.3.1/thumb/v7e-m+fp/hard/crtn.o
                0x0000000008003f1c                . = ALIGN (0x4)
                0x0000000008003f1c                _etext = .

.vfp11_veneer   0x0000000008003f1c        0x0
 .vfp11_veneer  0x0000000008003f1c        0x0 linker stubs

.v4_bx          0x0000000008003f1c        0x0
 .v4_bx         0x0000000008003f1c        0x0 linker stubs

.iplt           0x0000000008003f1c        0x0
 .iplt          0x0000000008003f1c        0x0 c:/st/stm32cubeide_1.6.0/stm32cubeide/plugins/com.st.stm32cube.ide.mcu.externaltools.gnu-tools-for-stm32.9-2020-q2-update.win32_1.5.0.202011040924/tools/bin/../lib/gcc/arm-none-eabi/9.3.1/thumb/v7e-m+fp/hard/crtbegin.o

.rodata         0x0000000008003f1c      0xf08
                0x0000000008003f1c                . = ALIGN (0x4)
 *(.rodata)
 .rodata        0x0000000008003f1c       0x53 Core/Src/ds3231.o
 *fill*         0x0000000008003f6f        0x1 
 .rodata        0x0000000008003f70        0x9 Core/Src/main.o
 *(.rodata*)
 *fill*         0x0000000008003f79        0x3 
 .rodata.Font11x18
                0x0000000008003f7c      0xd5c Core/Src/fonts.o
 .rodata.AHBPrescTable
                0x0000000008004cd8       0x10 Core/Src/system_stm32f4xx.o
                0x0000000008004cd8                AHBPrescTable
 .rodata.APBPrescTable
                0x0000000008004ce8        0x8 Core/Src/system_stm32f4xx.o
                0x0000000008004ce8                APBPrescTable
 .rodata._ctype_
                0x0000000008004cf0      0x101 c:/st/stm32cubeide_1.6.0/stm32cubeide/plugins/com.st.stm32cube.ide.mcu.externaltools.gnu-tools-for-stm32.9-2020-q2-update.win32_1.5.0.202011040924/tools/bin/../lib/gcc/arm-none-eabi/9.3.1/../../../../arm-none-eabi/lib/thumb/v7e-m+fp/hard\libc_nano.a(lib_a-ctype_.o)
                0x0000000008004cf0                _ctype_
 .rodata._svfprintf_r.str1.1
                0x0000000008004df1       0x11 c:/st/stm32cubeide_1.6.0/stm32cubeide/plugins/com.st.stm32cube.ide.mcu.externaltools.gnu-tools-for-stm32.9-2020-q2-update.win32_1.5.0.202011040924/tools/bin/../lib/gcc/arm-none-eabi/9.3.1/../../../../arm-none-eabi/lib/thumb/v7e-m+fp/hard\libc_nano.a(lib_a-nano-svfprintf.o)
 .rodata._printf_i.str1.1
                0x0000000008004e02       0x22 c:/st/stm32cubeide_1.6.0/stm32cubeide/plugins/com.st.stm32cube.ide.mcu.externaltools.gnu-tools-for-stm32.9-2020-q2-update.win32_1.5.0.202011040924/tools/bin/../lib/gcc/arm-none-eabi/9.3.1/../../../../arm-none-eabi/lib/thumb/v7e-m+fp/hard\libc_nano.a(lib_a-nano-vfprintf_i.o)
                0x0000000008004e24                . = ALIGN (0x4)

.ARM.extab      0x0000000008004e24        0x0
                0x0000000008004e24                . = ALIGN (0x4)
 *(.ARM.extab* .gnu.linkonce.armextab.*)
                0x0000000008004e24                . = ALIGN (0x4)

.ARM            0x0000000008004e24        0x8
                0x0000000008004e24                . = ALIGN (0x4)
                0x0000000008004e24                __exidx_start = .
 *(.ARM.exidx*)
 .ARM.exidx     0x0000000008004e24        0x8 c:/st/stm32cubeide_1.6.0/stm32cubeide/plugins/com.st.stm32cube.ide.mcu.externaltools.gnu-tools-for-stm32.9-2020-q2-update.win32_1.5.0.202011040924/tools/bin/../lib/gcc/arm-none-eabi/9.3.1/thumb/v7e-m+fp/hard\libgcc.a(_udivmoddi4.o)
                0x0000000008004e2c                __exidx_end = .
                0x0000000008004e2c                . = ALIGN (0x4)

.rel.dyn        0x0000000008004e2c        0x0
 .rel.iplt      0x0000000008004e2c        0x0 c:/st/stm32cubeide_1.6.0/stm32cubeide/plugins/com.st.stm32cube.ide.mcu.externaltools.gnu-tools-for-stm32.9-2020-q2-update.win32_1.5.0.202011040924/tools/bin/../lib/gcc/arm-none-eabi/9.3.1/thumb/v7e-m+fp/hard/crtbegin.o

.preinit_array  0x0000000008004e2c        0x0
                0x0000000008004e2c                . = ALIGN (0x4)
                0x0000000008004e2c                PROVIDE (__preinit_array_start = .)
 *(.preinit_array*)
                0x0000000008004e2c                PROVIDE (__preinit_array_end = .)
                0x0000000008004e2c                . = ALIGN (0x4)

.init_array     0x0000000008004e2c        0x4
                0x0000000008004e2c                . = ALIGN (0x4)
                0x0000000008004e2c                PROVIDE (__init_array_start = .)
 *(SORT_BY_NAME(.init_array.*))
 *(.init_array*)
 .init_array    0x0000000008004e2c        0x4 c:/st/stm32cubeide_1.6.0/stm32cubeide/plugins/com.st.stm32cube.ide.mcu.externaltools.gnu-tools-for-stm32.9-2020-q2-update.win32_1.5.0.202011040924/tools/bin/../lib/gcc/arm-none-eabi/9.3.1/thumb/v7e-m+fp/hard/crtbegin.o
                0x0000000008004e30                PROVIDE (__init_array_end = .)
                0x0000000008004e30                . = ALIGN (0x4)

.fini_array     0x0000000008004e30        0x4
                0x0000000008004e30                . = ALIGN (0x4)
                [!provide]                        PROVIDE (__fini_array_start = .)
 *(SORT_BY_NAME(.fini_array.*))
 *(.fini_array*)
 .fini_array    0x0000000008004e30        0x4 c:/st/stm32cubeide_1.6.0/stm32cubeide/plugins/com.st.stm32cube.ide.mcu.externaltools.gnu-tools-for-stm32.9-2020-q2-update.win32_1.5.0.202011040924/tools/bin/../lib/gcc/arm-none-eabi/9.3.1/thumb/v7e-m+fp/hard/crtbegin.o
                [!provide]                        PROVIDE (__fini_array_end = .)
                0x0000000008004e34                . = ALIGN (0x4)
                0x0000000008004e34                _sidata = LOADADDR (.data)

.data           0x0000000020000000       0x78 load address 0x0000000008004e34
                0x0000000020000000                . = ALIGN (0x4)
                0x0000000020000000                _sdata = .
 *(.data)
 *(.data*)
 .data.Font_11x18
                0x0000000020000000        0x8 Core/Src/fonts.o
                0x0000000020000000                Font_11x18
 .data.SystemCoreClock
                0x0000000020000008        0x4 Core/Src/system_stm32f4xx.o
                0x0000000020000008                SystemCoreClock
 .data.uwTickPrio
                0x000000002000000c        0x4 Drivers/STM32F4xx_HAL_Driver/Src/stm32f4xx_hal.o
                0x000000002000000c                uwTickPrio
 .data.uwTickFreq
                0x0000000020000010        0x1 Drivers/STM32F4xx_HAL_Driver/Src/stm32f4xx_hal.o
                0x0000000020000010                uwTickFreq
 *fill*         0x0000000020000011        0x3 
 .data._impure_ptr
                0x0000000020000014        0x4 c:/st/stm32cubeide_1.6.0/stm32cubeide/plugins/com.st.stm32cube.ide.mcu.externaltools.gnu-tools-for-stm32.9-2020-q2-update.win32_1.5.0.202011040924/tools/bin/../lib/gcc/arm-none-eabi/9.3.1/../../../../arm-none-eabi/lib/thumb/v7e-m+fp/hard\libc_nano.a(lib_a-impure.o)
                0x0000000020000014                _impure_ptr
 .data.impure_data
                0x0000000020000018       0x60 c:/st/stm32cubeide_1.6.0/stm32cubeide/plugins/com.st.stm32cube.ide.mcu.externaltools.gnu-tools-for-stm32.9-2020-q2-update.win32_1.5.0.202011040924/tools/bin/../lib/gcc/arm-none-eabi/9.3.1/../../../../arm-none-eabi/lib/thumb/v7e-m+fp/hard\libc_nano.a(lib_a-impure.o)
 *(.RamFunc)
 *(.RamFunc*)
                0x0000000020000078                . = ALIGN (0x4)
                0x0000000020000078                _edata = .

.igot.plt       0x0000000020000078        0x0 load address 0x0000000008004eac
 .igot.plt      0x0000000020000078        0x0 c:/st/stm32cubeide_1.6.0/stm32cubeide/plugins/com.st.stm32cube.ide.mcu.externaltools.gnu-tools-for-stm32.9-2020-q2-update.win32_1.5.0.202011040924/tools/bin/../lib/gcc/arm-none-eabi/9.3.1/thumb/v7e-m+fp/hard/crtbegin.o
                0x0000000020000078                . = ALIGN (0x4)

.bss            0x0000000020000078      0x6a0 load address 0x0000000008004eac
                0x0000000020000078                _sbss = .
                0x0000000020000078                __bss_start__ = _sbss
 *(.bss)
 .bss           0x0000000020000078       0x1c c:/st/stm32cubeide_1.6.0/stm32cubeide/plugins/com.st.stm32cube.ide.mcu.externaltools.gnu-tools-for-stm32.9-2020-q2-update.win32_1.5.0.202011040924/tools/bin/../lib/gcc/arm-none-eabi/9.3.1/thumb/v7e-m+fp/hard/crtbegin.o
 *(.bss*)
 .bss.res.7857  0x0000000020000094        0x2 Core/Src/ds3231.o
 *fill*         0x0000000020000096        0x2 
 .bss.SSD1306_Buffer
                0x0000000020000098      0x400 Core/Src/ssd1306.o
 .bss.SSD1306   0x0000000020000498        0x6 Core/Src/ssd1306.o
 *fill*         0x000000002000049e        0x2 
 .bss.__sbrk_heap_end
                0x00000000200004a0        0x4 Core/Src/sysmem.o
 .bss.__malloc_free_list
                0x00000000200004a4        0x4 c:/st/stm32cubeide_1.6.0/stm32cubeide/plugins/com.st.stm32cube.ide.mcu.externaltools.gnu-tools-for-stm32.9-2020-q2-update.win32_1.5.0.202011040924/tools/bin/../lib/gcc/arm-none-eabi/9.3.1/../../../../arm-none-eabi/lib/thumb/v7e-m+fp/hard\libc_nano.a(lib_a-nano-mallocr.o)
                0x00000000200004a4                __malloc_free_list
 .bss.__malloc_sbrk_start
                0x00000000200004a8        0x4 c:/st/stm32cubeide_1.6.0/stm32cubeide/plugins/com.st.stm32cube.ide.mcu.externaltools.gnu-tools-for-stm32.9-2020-q2-update.win32_1.5.0.202011040924/tools/bin/../lib/gcc/arm-none-eabi/9.3.1/../../../../arm-none-eabi/lib/thumb/v7e-m+fp/hard\libc_nano.a(lib_a-nano-mallocr.o)
                0x00000000200004a8                __malloc_sbrk_start
 *(COMMON)
 COMMON         0x00000000200004ac      0x177 Core/Src/ds3231.o
                0x00000000200004ac                data
                0x00000000200005ac                size
                0x00000000200005b0                calendar
                0x00000000200005b8                str
                0x000000002000061c                readBuf
 *fill*         0x0000000020000623        0x1 
 COMMON         0x0000000020000624       0xdd Core/Src/main.o
                0x0000000020000624                txt
                0x0000000020000658                hi2c1
                0x00000000200006ac                hi2c2
                0x0000000020000700                check
 *fill*         0x0000000020000701        0x3 
 COMMON         0x0000000020000704        0x4 Drivers/STM32F4xx_HAL_Driver/Src/stm32f4xx_hal.o
                0x0000000020000704                uwTick
 COMMON         0x0000000020000708        0x4 c:/st/stm32cubeide_1.6.0/stm32cubeide/plugins/com.st.stm32cube.ide.mcu.externaltools.gnu-tools-for-stm32.9-2020-q2-update.win32_1.5.0.202011040924/tools/bin/../lib/gcc/arm-none-eabi/9.3.1/../../../../arm-none-eabi/lib/thumb/v7e-m+fp/hard\libc_nano.a(lib_a-reent.o)
                0x0000000020000708                errno
 COMMON         0x000000002000070c        0x9 c:/st/stm32cubeide_1.6.0/stm32cubeide/plugins/com.st.stm32cube.ide.mcu.externaltools.gnu-tools-for-stm32.9-2020-q2-update.win32_1.5.0.202011040924/tools/bin/../lib/gcc/arm-none-eabi/9.3.1/../../../../arm-none-eabi/lib/thumb/v7e-m+fp/hard\libc_nano.a(lib_a-lock.o)
                0x000000002000070c                __lock___atexit_recursive_mutex
                0x000000002000070d                __lock___arc4random_mutex
                0x000000002000070e                __lock___env_recursive_mutex
                0x000000002000070f                __lock___sinit_recursive_mutex
                0x0000000020000710                __lock___malloc_recursive_mutex
                0x0000000020000711                __lock___at_quick_exit_mutex
                0x0000000020000712                __lock___dd_hash_mutex
                0x0000000020000713                __lock___tz_mutex
                0x0000000020000714                __lock___sfp_recursive_mutex
                0x0000000020000718                . = ALIGN (0x4)
 *fill*         0x0000000020000715        0x3 
                0x0000000020000718                _ebss = .
                0x0000000020000718                __bss_end__ = _ebss

._user_heap_stack
                0x0000000020000718      0x600 load address 0x0000000008004eac
                0x0000000020000718                . = ALIGN (0x8)
                [!provide]                        PROVIDE (end = .)
                0x0000000020000718                PROVIDE (_end = .)
                0x0000000020000918                . = (. + _Min_Heap_Size)
 *fill*         0x0000000020000718      0x200 
                0x0000000020000d18                . = (. + _Min_Stack_Size)
 *fill*         0x0000000020000918      0x400 
                0x0000000020000d18                . = ALIGN (0x8)

/DISCARD/
 libc.a(*)
 libm.a(*)
 libgcc.a(*)

.ARM.attributes
                0x0000000000000000       0x30
 *(.ARM.attributes)
 .ARM.attributes
                0x0000000000000000       0x1e c:/st/stm32cubeide_1.6.0/stm32cubeide/plugins/com.st.stm32cube.ide.mcu.externaltools.gnu-tools-for-stm32.9-2020-q2-update.win32_1.5.0.202011040924/tools/bin/../lib/gcc/arm-none-eabi/9.3.1/thumb/v7e-m+fp/hard/crti.o
 .ARM.attributes
                0x000000000000001e       0x34 c:/st/stm32cubeide_1.6.0/stm32cubeide/plugins/com.st.stm32cube.ide.mcu.externaltools.gnu-tools-for-stm32.9-2020-q2-update.win32_1.5.0.202011040924/tools/bin/../lib/gcc/arm-none-eabi/9.3.1/thumb/v7e-m+fp/hard/crtbegin.o
 .ARM.attributes
                0x0000000000000052       0x34 Core/Src/ds3231.o
 .ARM.attributes
                0x0000000000000086       0x39 Core/Src/fonts.o
 .ARM.attributes
                0x00000000000000bf       0x34 Core/Src/i2c-lcd.o
 .ARM.attributes
                0x00000000000000f3       0x34 Core/Src/main.o
 .ARM.attributes
                0x0000000000000127       0x34 Core/Src/ssd1306.o
 .ARM.attributes
                0x000000000000015b       0x34 Core/Src/stm32f4xx_hal_msp.o
 .ARM.attributes
                0x000000000000018f       0x34 Core/Src/stm32f4xx_it.o
 .ARM.attributes
                0x00000000000001c3       0x34 Core/Src/sysmem.o
 .ARM.attributes
                0x00000000000001f7       0x34 Core/Src/system_stm32f4xx.o
 .ARM.attributes
                0x000000000000022b       0x21 Core/Startup/startup_stm32f407vgtx.o
 .ARM.attributes
                0x000000000000024c       0x34 Drivers/STM32F4xx_HAL_Driver/Src/stm32f4xx_hal.o
 .ARM.attributes
                0x0000000000000280       0x34 Drivers/STM32F4xx_HAL_Driver/Src/stm32f4xx_hal_cortex.o
 .ARM.attributes
                0x00000000000002b4       0x34 Drivers/STM32F4xx_HAL_Driver/Src/stm32f4xx_hal_gpio.o
 .ARM.attributes
                0x00000000000002e8       0x34 Drivers/STM32F4xx_HAL_Driver/Src/stm32f4xx_hal_i2c.o
 .ARM.attributes
                0x000000000000031c       0x34 Drivers/STM32F4xx_HAL_Driver/Src/stm32f4xx_hal_rcc.o
 .ARM.attributes
                0x0000000000000350       0x34 c:/st/stm32cubeide_1.6.0/stm32cubeide/plugins/com.st.stm32cube.ide.mcu.externaltools.gnu-tools-for-stm32.9-2020-q2-update.win32_1.5.0.202011040924/tools/bin/../lib/gcc/arm-none-eabi/9.3.1/../../../../arm-none-eabi/lib/thumb/v7e-m+fp/hard\libc_nano.a(lib_a-atoi.o)
 .ARM.attributes
                0x0000000000000384       0x34 c:/st/stm32cubeide_1.6.0/stm32cubeide/plugins/com.st.stm32cube.ide.mcu.externaltools.gnu-tools-for-stm32.9-2020-q2-update.win32_1.5.0.202011040924/tools/bin/../lib/gcc/arm-none-eabi/9.3.1/../../../../arm-none-eabi/lib/thumb/v7e-m+fp/hard\libc_nano.a(lib_a-errno.o)
 .ARM.attributes
                0x00000000000003b8       0x32 c:/st/stm32cubeide_1.6.0/stm32cubeide/plugins/com.st.stm32cube.ide.mcu.externaltools.gnu-tools-for-stm32.9-2020-q2-update.win32_1.5.0.202011040924/tools/bin/../lib/gcc/arm-none-eabi/9.3.1/../../../../arm-none-eabi/lib/thumb/v7e-m+fp/hard\libc_nano.a(lib_a-impure.o)
 .ARM.attributes
                0x00000000000003ea       0x34 c:/st/stm32cubeide_1.6.0/stm32cubeide/plugins/com.st.stm32cube.ide.mcu.externaltools.gnu-tools-for-stm32.9-2020-q2-update.win32_1.5.0.202011040924/tools/bin/../lib/gcc/arm-none-eabi/9.3.1/../../../../arm-none-eabi/lib/thumb/v7e-m+fp/hard\libc_nano.a(lib_a-init.o)
 .ARM.attributes
                0x000000000000041e       0x34 c:/st/stm32cubeide_1.6.0/stm32cubeide/plugins/com.st.stm32cube.ide.mcu.externaltools.gnu-tools-for-stm32.9-2020-q2-update.win32_1.5.0.202011040924/tools/bin/../lib/gcc/arm-none-eabi/9.3.1/../../../../arm-none-eabi/lib/thumb/v7e-m+fp/hard\libc_nano.a(lib_a-memcpy-stub.o)
 .ARM.attributes
                0x0000000000000452       0x34 c:/st/stm32cubeide_1.6.0/stm32cubeide/plugins/com.st.stm32cube.ide.mcu.externaltools.gnu-tools-for-stm32.9-2020-q2-update.win32_1.5.0.202011040924/tools/bin/../lib/gcc/arm-none-eabi/9.3.1/../../../../arm-none-eabi/lib/thumb/v7e-m+fp/hard\libc_nano.a(lib_a-memset.o)
 .ARM.attributes
                0x0000000000000486       0x34 c:/st/stm32cubeide_1.6.0/stm32cubeide/plugins/com.st.stm32cube.ide.mcu.externaltools.gnu-tools-for-stm32.9-2020-q2-update.win32_1.5.0.202011040924/tools/bin/../lib/gcc/arm-none-eabi/9.3.1/../../../../arm-none-eabi/lib/thumb/v7e-m+fp/hard\libc_nano.a(lib_a-sprintf.o)
 .ARM.attributes
                0x00000000000004ba       0x34 c:/st/stm32cubeide_1.6.0/stm32cubeide/plugins/com.st.stm32cube.ide.mcu.externaltools.gnu-tools-for-stm32.9-2020-q2-update.win32_1.5.0.202011040924/tools/bin/../lib/gcc/arm-none-eabi/9.3.1/../../../../arm-none-eabi/lib/thumb/v7e-m+fp/hard\libc_nano.a(lib_a-strtol.o)
 .ARM.attributes
                0x00000000000004ee       0x32 c:/st/stm32cubeide_1.6.0/stm32cubeide/plugins/com.st.stm32cube.ide.mcu.externaltools.gnu-tools-for-stm32.9-2020-q2-update.win32_1.5.0.202011040924/tools/bin/../lib/gcc/arm-none-eabi/9.3.1/../../../../arm-none-eabi/lib/thumb/v7e-m+fp/hard\libc_nano.a(lib_a-ctype_.o)
 .ARM.attributes
                0x0000000000000520       0x34 c:/st/stm32cubeide_1.6.0/stm32cubeide/plugins/com.st.stm32cube.ide.mcu.externaltools.gnu-tools-for-stm32.9-2020-q2-update.win32_1.5.0.202011040924/tools/bin/../lib/gcc/arm-none-eabi/9.3.1/../../../../arm-none-eabi/lib/thumb/v7e-m+fp/hard\libc_nano.a(lib_a-nano-svfprintf.o)
 .ARM.attributes
                0x0000000000000554       0x34 c:/st/stm32cubeide_1.6.0/stm32cubeide/plugins/com.st.stm32cube.ide.mcu.externaltools.gnu-tools-for-stm32.9-2020-q2-update.win32_1.5.0.202011040924/tools/bin/../lib/gcc/arm-none-eabi/9.3.1/../../../../arm-none-eabi/lib/thumb/v7e-m+fp/hard\libc_nano.a(lib_a-nano-vfprintf_i.o)
 .ARM.attributes
                0x0000000000000588       0x1c c:/st/stm32cubeide_1.6.0/stm32cubeide/plugins/com.st.stm32cube.ide.mcu.externaltools.gnu-tools-for-stm32.9-2020-q2-update.win32_1.5.0.202011040924/tools/bin/../lib/gcc/arm-none-eabi/9.3.1/../../../../arm-none-eabi/lib/thumb/v7e-m+fp/hard\libc_nano.a(lib_a-memchr.o)
 .ARM.attributes
                0x00000000000005a4       0x34 c:/st/stm32cubeide_1.6.0/stm32cubeide/plugins/com.st.stm32cube.ide.mcu.externaltools.gnu-tools-for-stm32.9-2020-q2-update.win32_1.5.0.202011040924/tools/bin/../lib/gcc/arm-none-eabi/9.3.1/../../../../arm-none-eabi/lib/thumb/v7e-m+fp/hard\libc_nano.a(lib_a-memmove.o)
 .ARM.attributes
                0x00000000000005d8       0x34 c:/st/stm32cubeide_1.6.0/stm32cubeide/plugins/com.st.stm32cube.ide.mcu.externaltools.gnu-tools-for-stm32.9-2020-q2-update.win32_1.5.0.202011040924/tools/bin/../lib/gcc/arm-none-eabi/9.3.1/../../../../arm-none-eabi/lib/thumb/v7e-m+fp/hard\libc_nano.a(lib_a-nano-freer.o)
 .ARM.attributes
                0x000000000000060c       0x34 c:/st/stm32cubeide_1.6.0/stm32cubeide/plugins/com.st.stm32cube.ide.mcu.externaltools.gnu-tools-for-stm32.9-2020-q2-update.win32_1.5.0.202011040924/tools/bin/../lib/gcc/arm-none-eabi/9.3.1/../../../../arm-none-eabi/lib/thumb/v7e-m+fp/hard\libc_nano.a(lib_a-nano-mallocr.o)
 .ARM.attributes
                0x0000000000000640       0x34 c:/st/stm32cubeide_1.6.0/stm32cubeide/plugins/com.st.stm32cube.ide.mcu.externaltools.gnu-tools-for-stm32.9-2020-q2-update.win32_1.5.0.202011040924/tools/bin/../lib/gcc/arm-none-eabi/9.3.1/../../../../arm-none-eabi/lib/thumb/v7e-m+fp/hard\libc_nano.a(lib_a-nano-reallocr.o)
 .ARM.attributes
                0x0000000000000674       0x34 c:/st/stm32cubeide_1.6.0/stm32cubeide/plugins/com.st.stm32cube.ide.mcu.externaltools.gnu-tools-for-stm32.9-2020-q2-update.win32_1.5.0.202011040924/tools/bin/../lib/gcc/arm-none-eabi/9.3.1/../../../../arm-none-eabi/lib/thumb/v7e-m+fp/hard\libc_nano.a(lib_a-sbrkr.o)
 .ARM.attributes
                0x00000000000006a8       0x34 c:/st/stm32cubeide_1.6.0/stm32cubeide/plugins/com.st.stm32cube.ide.mcu.externaltools.gnu-tools-for-stm32.9-2020-q2-update.win32_1.5.0.202011040924/tools/bin/../lib/gcc/arm-none-eabi/9.3.1/../../../../arm-none-eabi/lib/thumb/v7e-m+fp/hard\libc_nano.a(lib_a-mlock.o)
 .ARM.attributes
                0x00000000000006dc       0x34 c:/st/stm32cubeide_1.6.0/stm32cubeide/plugins/com.st.stm32cube.ide.mcu.externaltools.gnu-tools-for-stm32.9-2020-q2-update.win32_1.5.0.202011040924/tools/bin/../lib/gcc/arm-none-eabi/9.3.1/../../../../arm-none-eabi/lib/thumb/v7e-m+fp/hard\libc_nano.a(lib_a-nano-msizer.o)
 .ARM.attributes
                0x0000000000000710       0x34 c:/st/stm32cubeide_1.6.0/stm32cubeide/plugins/com.st.stm32cube.ide.mcu.externaltools.gnu-tools-for-stm32.9-2020-q2-update.win32_1.5.0.202011040924/tools/bin/../lib/gcc/arm-none-eabi/9.3.1/../../../../arm-none-eabi/lib/thumb/v7e-m+fp/hard\libc_nano.a(lib_a-reent.o)
 .ARM.attributes
                0x0000000000000744       0x34 c:/st/stm32cubeide_1.6.0/stm32cubeide/plugins/com.st.stm32cube.ide.mcu.externaltools.gnu-tools-for-stm32.9-2020-q2-update.win32_1.5.0.202011040924/tools/bin/../lib/gcc/arm-none-eabi/9.3.1/../../../../arm-none-eabi/lib/thumb/v7e-m+fp/hard\libc_nano.a(lib_a-lock.o)
 .ARM.attributes
                0x0000000000000778       0x1e c:/st/stm32cubeide_1.6.0/stm32cubeide/plugins/com.st.stm32cube.ide.mcu.externaltools.gnu-tools-for-stm32.9-2020-q2-update.win32_1.5.0.202011040924/tools/bin/../lib/gcc/arm-none-eabi/9.3.1/thumb/v7e-m+fp/hard\libgcc.a(_aeabi_uldivmod.o)
 .ARM.attributes
                0x0000000000000796       0x34 c:/st/stm32cubeide_1.6.0/stm32cubeide/plugins/com.st.stm32cube.ide.mcu.externaltools.gnu-tools-for-stm32.9-2020-q2-update.win32_1.5.0.202011040924/tools/bin/../lib/gcc/arm-none-eabi/9.3.1/thumb/v7e-m+fp/hard\libgcc.a(_udivmoddi4.o)
 .ARM.attributes
                0x00000000000007ca       0x1e c:/st/stm32cubeide_1.6.0/stm32cubeide/plugins/com.st.stm32cube.ide.mcu.externaltools.gnu-tools-for-stm32.9-2020-q2-update.win32_1.5.0.202011040924/tools/bin/../lib/gcc/arm-none-eabi/9.3.1/thumb/v7e-m+fp/hard\libgcc.a(_dvmd_tls.o)
 .ARM.attributes
                0x00000000000007e8       0x1e c:/st/stm32cubeide_1.6.0/stm32cubeide/plugins/com.st.stm32cube.ide.mcu.externaltools.gnu-tools-for-stm32.9-2020-q2-update.win32_1.5.0.202011040924/tools/bin/../lib/gcc/arm-none-eabi/9.3.1/thumb/v7e-m+fp/hard/crtn.o
OUTPUT(datalogger.elf elf32-littlearm)
LOAD linker stubs
LOAD c:/st/stm32cubeide_1.6.0/stm32cubeide/plugins/com.st.stm32cube.ide.mcu.externaltools.gnu-tools-for-stm32.9-2020-q2-update.win32_1.5.0.202011040924/tools/bin/../lib/gcc/arm-none-eabi/9.3.1/../../../../arm-none-eabi/lib/thumb/v7e-m+fp/hard\libc.a
LOAD c:/st/stm32cubeide_1.6.0/stm32cubeide/plugins/com.st.stm32cube.ide.mcu.externaltools.gnu-tools-for-stm32.9-2020-q2-update.win32_1.5.0.202011040924/tools/bin/../lib/gcc/arm-none-eabi/9.3.1/../../../../arm-none-eabi/lib/thumb/v7e-m+fp/hard\libm.a
LOAD c:/st/stm32cubeide_1.6.0/stm32cubeide/plugins/com.st.stm32cube.ide.mcu.externaltools.gnu-tools-for-stm32.9-2020-q2-update.win32_1.5.0.202011040924/tools/bin/../lib/gcc/arm-none-eabi/9.3.1/thumb/v7e-m+fp/hard\libgcc.a

.debug_info     0x0000000000000000     0xa8ec
 .debug_info    0x0000000000000000      0xc85 Core/Src/ds3231.o
 .debug_info    0x0000000000000c85      0x2a1 Core/Src/fonts.o
 .debug_info    0x0000000000000f26      0x7c9 Core/Src/i2c-lcd.o
 .debug_info    0x00000000000016ef     0x155f Core/Src/main.o
 .debug_info    0x0000000000002c4e      0xf54 Core/Src/ssd1306.o
 .debug_info    0x0000000000003ba2      0xaad Core/Src/stm32f4xx_hal_msp.o
 .debug_info    0x000000000000464f      0x222 Core/Src/stm32f4xx_it.o
 .debug_info    0x0000000000004871      0xa25 Core/Src/sysmem.o
 .debug_info    0x0000000000005296      0x5a4 Core/Src/system_stm32f4xx.o
 .debug_info    0x000000000000583a       0x22 Core/Startup/startup_stm32f407vgtx.o
 .debug_info    0x000000000000585c      0x9b2 Drivers/STM32F4xx_HAL_Driver/Src/stm32f4xx_hal.o
 .debug_info    0x000000000000620e      0xed7 Drivers/STM32F4xx_HAL_Driver/Src/stm32f4xx_hal_cortex.o
 .debug_info    0x00000000000070e5      0x83e Drivers/STM32F4xx_HAL_Driver/Src/stm32f4xx_hal_gpio.o
 .debug_info    0x0000000000007923     0x2633 Drivers/STM32F4xx_HAL_Driver/Src/stm32f4xx_hal_i2c.o
 .debug_info    0x0000000000009f56      0x996 Drivers/STM32F4xx_HAL_Driver/Src/stm32f4xx_hal_rcc.o

.debug_abbrev   0x0000000000000000     0x1c36
 .debug_abbrev  0x0000000000000000      0x275 Core/Src/ds3231.o
 .debug_abbrev  0x0000000000000275       0xec Core/Src/fonts.o
 .debug_abbrev  0x0000000000000361      0x1b2 Core/Src/i2c-lcd.o
 .debug_abbrev  0x0000000000000513      0x2ea Core/Src/main.o
 .debug_abbrev  0x00000000000007fd      0x294 Core/Src/ssd1306.o
 .debug_abbrev  0x0000000000000a91      0x1ac Core/Src/stm32f4xx_hal_msp.o
 .debug_abbrev  0x0000000000000c3d       0xd2 Core/Src/stm32f4xx_it.o
 .debug_abbrev  0x0000000000000d0f      0x1bf Core/Src/sysmem.o
 .debug_abbrev  0x0000000000000ece      0x145 Core/Src/system_stm32f4xx.o
 .debug_abbrev  0x0000000000001013       0x12 Core/Startup/startup_stm32f407vgtx.o
 .debug_abbrev  0x0000000000001025      0x1ed Drivers/STM32F4xx_HAL_Driver/Src/stm32f4xx_hal.o
 .debug_abbrev  0x0000000000001212      0x33c Drivers/STM32F4xx_HAL_Driver/Src/stm32f4xx_hal_cortex.o
 .debug_abbrev  0x000000000000154e      0x1f1 Drivers/STM32F4xx_HAL_Driver/Src/stm32f4xx_hal_gpio.o
 .debug_abbrev  0x000000000000173f      0x282 Drivers/STM32F4xx_HAL_Driver/Src/stm32f4xx_hal_i2c.o
 .debug_abbrev  0x00000000000019c1      0x275 Drivers/STM32F4xx_HAL_Driver/Src/stm32f4xx_hal_rcc.o

.debug_aranges  0x0000000000000000      0x8a8
 .debug_aranges
                0x0000000000000000       0xc8 Core/Src/ds3231.o
 .debug_aranges
                0x00000000000000c8       0x18 Core/Src/fonts.o
 .debug_aranges
                0x00000000000000e0       0x38 Core/Src/i2c-lcd.o
 .debug_aranges
                0x0000000000000118       0x48 Core/Src/main.o
 .debug_aranges
                0x0000000000000160       0xc0 Core/Src/ssd1306.o
 .debug_aranges
                0x0000000000000220       0x30 Core/Src/stm32f4xx_hal_msp.o
 .debug_aranges
                0x0000000000000250       0x60 Core/Src/stm32f4xx_it.o
 .debug_aranges
                0x00000000000002b0       0x20 Core/Src/sysmem.o
 .debug_aranges
                0x00000000000002d0       0x28 Core/Src/system_stm32f4xx.o
 .debug_aranges
                0x00000000000002f8       0x28 Core/Startup/startup_stm32f407vgtx.o
 .debug_aranges
                0x0000000000000320       0xf0 Drivers/STM32F4xx_HAL_Driver/Src/stm32f4xx_hal.o
 .debug_aranges
                0x0000000000000410      0x118 Drivers/STM32F4xx_HAL_Driver/Src/stm32f4xx_hal_cortex.o
 .debug_aranges
                0x0000000000000528       0x58 Drivers/STM32F4xx_HAL_Driver/Src/stm32f4xx_hal_gpio.o
 .debug_aranges
                0x0000000000000580      0x2a0 Drivers/STM32F4xx_HAL_Driver/Src/stm32f4xx_hal_i2c.o
 .debug_aranges
                0x0000000000000820       0x88 Drivers/STM32F4xx_HAL_Driver/Src/stm32f4xx_hal_rcc.o

.debug_ranges   0x0000000000000000      0x7e0
 .debug_ranges  0x0000000000000000       0xb8 Core/Src/ds3231.o
 .debug_ranges  0x00000000000000b8       0x28 Core/Src/i2c-lcd.o
 .debug_ranges  0x00000000000000e0       0x38 Core/Src/main.o
 .debug_ranges  0x0000000000000118       0xb0 Core/Src/ssd1306.o
 .debug_ranges  0x00000000000001c8       0x20 Core/Src/stm32f4xx_hal_msp.o
 .debug_ranges  0x00000000000001e8       0x50 Core/Src/stm32f4xx_it.o
 .debug_ranges  0x0000000000000238       0x10 Core/Src/sysmem.o
 .debug_ranges  0x0000000000000248       0x18 Core/Src/system_stm32f4xx.o
 .debug_ranges  0x0000000000000260       0x20 Core/Startup/startup_stm32f407vgtx.o
 .debug_ranges  0x0000000000000280       0xe0 Drivers/STM32F4xx_HAL_Driver/Src/stm32f4xx_hal.o
 .debug_ranges  0x0000000000000360      0x108 Drivers/STM32F4xx_HAL_Driver/Src/stm32f4xx_hal_cortex.o
 .debug_ranges  0x0000000000000468       0x48 Drivers/STM32F4xx_HAL_Driver/Src/stm32f4xx_hal_gpio.o
 .debug_ranges  0x00000000000004b0      0x2b8 Drivers/STM32F4xx_HAL_Driver/Src/stm32f4xx_hal_i2c.o
 .debug_ranges  0x0000000000000768       0x78 Drivers/STM32F4xx_HAL_Driver/Src/stm32f4xx_hal_rcc.o

.debug_macro    0x0000000000000000    0x20a90
 .debug_macro   0x0000000000000000      0x1d9 Core/Src/ds3231.o
 .debug_macro   0x00000000000001d9      0xaa8 Core/Src/ds3231.o
 .debug_macro   0x0000000000000c81      0x295 Core/Src/ds3231.o
 .debug_macro   0x0000000000000f16       0x2e Core/Src/ds3231.o
 .debug_macro   0x0000000000000f44       0x2f Core/Src/ds3231.o
 .debug_macro   0x0000000000000f73       0x22 Core/Src/ds3231.o
 .debug_macro   0x0000000000000f95       0x8e Core/Src/ds3231.o
 .debug_macro   0x0000000000001023       0x51 Core/Src/ds3231.o
 .debug_macro   0x0000000000001074      0x103 Core/Src/ds3231.o
 .debug_macro   0x0000000000001177       0x6a Core/Src/ds3231.o
 .debug_macro   0x00000000000011e1      0x1df Core/Src/ds3231.o
 .debug_macro   0x00000000000013c0       0x1c Core/Src/ds3231.o
 .debug_macro   0x00000000000013dc       0x22 Core/Src/ds3231.o
 .debug_macro   0x00000000000013fe       0xdf Core/Src/ds3231.o
 .debug_macro   0x00000000000014dd     0x102d Core/Src/ds3231.o
 .debug_macro   0x000000000000250a      0x11f Core/Src/ds3231.o
 .debug_macro   0x0000000000002629    0x15e3c Core/Src/ds3231.o
 .debug_macro   0x0000000000018465       0x43 Core/Src/ds3231.o
 .debug_macro   0x00000000000184a8     0x3659 Core/Src/ds3231.o
 .debug_macro   0x000000000001bb01      0x174 Core/Src/ds3231.o
 .debug_macro   0x000000000001bc75       0x5c Core/Src/ds3231.o
 .debug_macro   0x000000000001bcd1      0x96b Core/Src/ds3231.o
 .debug_macro   0x000000000001c63c      0x9fe Core/Src/ds3231.o
 .debug_macro   0x000000000001d03a      0x117 Core/Src/ds3231.o
 .debug_macro   0x000000000001d151      0x13e Core/Src/ds3231.o
 .debug_macro   0x000000000001d28f       0x82 Core/Src/ds3231.o
 .debug_macro   0x000000000001d311      0x174 Core/Src/ds3231.o
 .debug_macro   0x000000000001d485      0x287 Core/Src/ds3231.o
 .debug_macro   0x000000000001d70c       0x5f Core/Src/ds3231.o
 .debug_macro   0x000000000001d76b      0x236 Core/Src/ds3231.o
 .debug_macro   0x000000000001d9a1      0x12c Core/Src/ds3231.o
 .debug_macro   0x000000000001dacd      0x21e Core/Src/ds3231.o
 .debug_macro   0x000000000001dceb       0x2e Core/Src/ds3231.o
 .debug_macro   0x000000000001dd19      0x1b5 Core/Src/ds3231.o
 .debug_macro   0x000000000001dece       0xd6 Core/Src/ds3231.o
 .debug_macro   0x000000000001dfa4      0x11a Core/Src/ds3231.o
 .debug_macro   0x000000000001e0be       0x7e Core/Src/ds3231.o
 .debug_macro   0x000000000001e13c       0x89 Core/Src/ds3231.o
 .debug_macro   0x000000000001e1c5      0x12d Core/Src/ds3231.o
 .debug_macro   0x000000000001e2f2       0x34 Core/Src/ds3231.o
 .debug_macro   0x000000000001e326      0x1d4 Core/Src/fonts.o
 .debug_macro   0x000000000001e4fa      0x1d4 Core/Src/i2c-lcd.o
 .debug_macro   0x000000000001e6ce      0x387 Core/Src/main.o
 .debug_macro   0x000000000001ea55       0xe8 Core/Src/main.o
 .debug_macro   0x000000000001eb3d       0x52 Core/Src/main.o
 .debug_macro   0x000000000001eb8f       0x18 Core/Src/main.o
 .debug_macro   0x000000000001eba7       0x3c Core/Src/main.o
 .debug_macro   0x000000000001ebe3       0x34 Core/Src/main.o
 .debug_macro   0x000000000001ec17       0x16 Core/Src/main.o
 .debug_macro   0x000000000001ec2d       0x43 Core/Src/main.o
 .debug_macro   0x000000000001ec70       0x34 Core/Src/main.o
 .debug_macro   0x000000000001eca4       0x10 Core/Src/main.o
 .debug_macro   0x000000000001ecb4       0x58 Core/Src/main.o
 .debug_macro   0x000000000001ed0c       0x71 Core/Src/main.o
 .debug_macro   0x000000000001ed7d       0x1c Core/Src/main.o
 .debug_macro   0x000000000001ed99      0x12a Core/Src/main.o
 .debug_macro   0x000000000001eec3      0x333 Core/Src/main.o
 .debug_macro   0x000000000001f1f6       0x10 Core/Src/main.o
 .debug_macro   0x000000000001f206       0x35 Core/Src/main.o
 .debug_macro   0x000000000001f23b       0x20 Core/Src/main.o
 .debug_macro   0x000000000001f25b       0x1c Core/Src/main.o
 .debug_macro   0x000000000001f277       0x10 Core/Src/main.o
 .debug_macro   0x000000000001f287       0x10 Core/Src/main.o
 .debug_macro   0x000000000001f297       0x1c Core/Src/main.o
 .debug_macro   0x000000000001f2b3       0x52 Core/Src/main.o
 .debug_macro   0x000000000001f305       0x22 Core/Src/main.o
 .debug_macro   0x000000000001f327       0x10 Core/Src/main.o
 .debug_macro   0x000000000001f337       0x40 Core/Src/main.o
 .debug_macro   0x000000000001f377       0xd5 Core/Src/main.o
 .debug_macro   0x000000000001f44c       0x1c Core/Src/main.o
 .debug_macro   0x000000000001f468       0x3d Core/Src/main.o
 .debug_macro   0x000000000001f4a5       0x16 Core/Src/main.o
 .debug_macro   0x000000000001f4bb      0x145 Core/Src/main.o
 .debug_macro   0x000000000001f600       0x3a Core/Src/main.o
 .debug_macro   0x000000000001f63a      0x1dd Core/Src/ssd1306.o
 .debug_macro   0x000000000001f817      0x1d4 Core/Src/stm32f4xx_hal_msp.o
 .debug_macro   0x000000000001f9eb      0x1de Core/Src/stm32f4xx_it.o
 .debug_macro   0x000000000001fbc9       0xff Core/Src/sysmem.o
 .debug_macro   0x000000000001fcc8      0x23b Core/Src/sysmem.o
 .debug_macro   0x000000000001ff03      0x1ca Core/Src/system_stm32f4xx.o
 .debug_macro   0x00000000000200cd      0x22a Drivers/STM32F4xx_HAL_Driver/Src/stm32f4xx_hal.o
 .debug_macro   0x00000000000202f7      0x1ca Drivers/STM32F4xx_HAL_Driver/Src/stm32f4xx_hal_cortex.o
 .debug_macro   0x00000000000204c1      0x1d0 Drivers/STM32F4xx_HAL_Driver/Src/stm32f4xx_hal_gpio.o
 .debug_macro   0x0000000000020691      0x211 Drivers/STM32F4xx_HAL_Driver/Src/stm32f4xx_hal_i2c.o
 .debug_macro   0x00000000000208a2      0x1ee Drivers/STM32F4xx_HAL_Driver/Src/stm32f4xx_hal_rcc.o

.debug_line     0x0000000000000000     0xb224
 .debug_line    0x0000000000000000      0x98d Core/Src/ds3231.o
 .debug_line    0x000000000000098d      0x68b Core/Src/fonts.o
 .debug_line    0x0000000000001018      0x726 Core/Src/i2c-lcd.o
 .debug_line    0x000000000000173e      0xa66 Core/Src/main.o
 .debug_line    0x00000000000021a4      0xe19 Core/Src/ssd1306.o
 .debug_line    0x0000000000002fbd      0x730 Core/Src/stm32f4xx_hal_msp.o
 .debug_line    0x00000000000036ed      0x771 Core/Src/stm32f4xx_it.o
 .debug_line    0x0000000000003e5e      0x4f8 Core/Src/sysmem.o
 .debug_line    0x0000000000004356      0x730 Core/Src/system_stm32f4xx.o
 .debug_line    0x0000000000004a86       0x88 Core/Startup/startup_stm32f407vgtx.o
 .debug_line    0x0000000000004b0e      0x996 Drivers/STM32F4xx_HAL_Driver/Src/stm32f4xx_hal.o
 .debug_line    0x00000000000054a4      0xc45 Drivers/STM32F4xx_HAL_Driver/Src/stm32f4xx_hal_cortex.o
 .debug_line    0x00000000000060e9      0xb0e Drivers/STM32F4xx_HAL_Driver/Src/stm32f4xx_hal_gpio.o
 .debug_line    0x0000000000006bf7     0x391d Drivers/STM32F4xx_HAL_Driver/Src/stm32f4xx_hal_i2c.o
 .debug_line    0x000000000000a514      0xd10 Drivers/STM32F4xx_HAL_Driver/Src/stm32f4xx_hal_rcc.o

.debug_str      0x0000000000000000    0xc2e6c
 .debug_str     0x0000000000000000    0xbbfd1 Core/Src/ds3231.o
                                      0xbc2c2 (size before relaxing)
 .debug_str     0x00000000000bbfd1       0x75 Core/Src/fonts.o
                                      0xbbc5c (size before relaxing)
 .debug_str     0x00000000000bc046       0x76 Core/Src/i2c-lcd.o
                                      0xbc12e (size before relaxing)
 .debug_str     0x00000000000bc0bc     0x4782 Core/Src/main.o
                                      0xc09af (size before relaxing)
 .debug_str     0x00000000000c083e      0x270 Core/Src/ssd1306.o
                                      0xbc781 (size before relaxing)
 .debug_str     0x00000000000c0aae       0xb5 Core/Src/stm32f4xx_hal_msp.o
                                      0xbc275 (size before relaxing)
 .debug_str     0x00000000000c0b63       0xbd Core/Src/stm32f4xx_it.o
                                      0xbbc95 (size before relaxing)
 .debug_str     0x00000000000c0c20      0x4e9 Core/Src/sysmem.o
                                       0x6297 (size before relaxing)
 .debug_str     0x00000000000c1109       0xaf Core/Src/system_stm32f4xx.o
                                      0xbbd79 (size before relaxing)
 .debug_str     0x00000000000c11b8       0x36 Core/Startup/startup_stm32f407vgtx.o
                                         0x68 (size before relaxing)
 .debug_str     0x00000000000c11ee      0xa5e Drivers/STM32F4xx_HAL_Driver/Src/stm32f4xx_hal.o
                                      0xbc85b (size before relaxing)
 .debug_str     0x00000000000c1c4c      0x399 Drivers/STM32F4xx_HAL_Driver/Src/stm32f4xx_hal_cortex.o
                                      0xbc64a (size before relaxing)
 .debug_str     0x00000000000c1fe5      0x176 Drivers/STM32F4xx_HAL_Driver/Src/stm32f4xx_hal_gpio.o
                                      0xbbf20 (size before relaxing)
 .debug_str     0x00000000000c215b      0xac3 Drivers/STM32F4xx_HAL_Driver/Src/stm32f4xx_hal_i2c.o
                                      0xbccfb (size before relaxing)
 .debug_str     0x00000000000c2c1e      0x24e Drivers/STM32F4xx_HAL_Driver/Src/stm32f4xx_hal_rcc.o
                                      0xbc17b (size before relaxing)

.comment        0x0000000000000000       0x53
 .comment       0x0000000000000000       0x53 Core/Src/ds3231.o
                                         0x54 (size before relaxing)
 .comment       0x0000000000000053       0x54 Core/Src/fonts.o
 .comment       0x0000000000000053       0x54 Core/Src/i2c-lcd.o
 .comment       0x0000000000000053       0x54 Core/Src/main.o
 .comment       0x0000000000000053       0x54 Core/Src/ssd1306.o
 .comment       0x0000000000000053       0x54 Core/Src/stm32f4xx_hal_msp.o
 .comment       0x0000000000000053       0x54 Core/Src/stm32f4xx_it.o
 .comment       0x0000000000000053       0x54 Core/Src/sysmem.o
 .comment       0x0000000000000053       0x54 Core/Src/system_stm32f4xx.o
 .comment       0x0000000000000053       0x54 Drivers/STM32F4xx_HAL_Driver/Src/stm32f4xx_hal.o
 .comment       0x0000000000000053       0x54 Drivers/STM32F4xx_HAL_Driver/Src/stm32f4xx_hal_cortex.o
 .comment       0x0000000000000053       0x54 Drivers/STM32F4xx_HAL_Driver/Src/stm32f4xx_hal_gpio.o
 .comment       0x0000000000000053       0x54 Drivers/STM32F4xx_HAL_Driver/Src/stm32f4xx_hal_i2c.o
 .comment       0x0000000000000053       0x54 Drivers/STM32F4xx_HAL_Driver/Src/stm32f4xx_hal_rcc.o

.debug_frame    0x0000000000000000     0x2688
 .debug_frame   0x0000000000000000      0x328 Core/Src/ds3231.o
 .debug_frame   0x0000000000000328       0x98 Core/Src/i2c-lcd.o
 .debug_frame   0x00000000000003c0       0xcc Core/Src/main.o
 .debug_frame   0x000000000000048c      0x314 Core/Src/ssd1306.o
 .debug_frame   0x00000000000007a0       0x80 Core/Src/stm32f4xx_hal_msp.o
 .debug_frame   0x0000000000000820      0x104 Core/Src/stm32f4xx_it.o
 .debug_frame   0x0000000000000924       0x34 Core/Src/sysmem.o
 .debug_frame   0x0000000000000958       0x58 Core/Src/system_stm32f4xx.o
 .debug_frame   0x00000000000009b0      0x374 Drivers/STM32F4xx_HAL_Driver/Src/stm32f4xx_hal.o
 .debug_frame   0x0000000000000d24      0x498 Drivers/STM32F4xx_HAL_Driver/Src/stm32f4xx_hal_cortex.o
 .debug_frame   0x00000000000011bc      0x14c Drivers/STM32F4xx_HAL_Driver/Src/stm32f4xx_hal_gpio.o
 .debug_frame   0x0000000000001308      0xc5c Drivers/STM32F4xx_HAL_Driver/Src/stm32f4xx_hal_i2c.o
 .debug_frame   0x0000000000001f64      0x1ec Drivers/STM32F4xx_HAL_Driver/Src/stm32f4xx_hal_rcc.o
 .debug_frame   0x0000000000002150       0x30 c:/st/stm32cubeide_1.6.0/stm32cubeide/plugins/com.st.stm32cube.ide.mcu.externaltools.gnu-tools-for-stm32.9-2020-q2-update.win32_1.5.0.202011040924/tools/bin/../lib/gcc/arm-none-eabi/9.3.1/../../../../arm-none-eabi/lib/thumb/v7e-m+fp/hard\libc_nano.a(lib_a-atoi.o)
 .debug_frame   0x0000000000002180       0x20 c:/st/stm32cubeide_1.6.0/stm32cubeide/plugins/com.st.stm32cube.ide.mcu.externaltools.gnu-tools-for-stm32.9-2020-q2-update.win32_1.5.0.202011040924/tools/bin/../lib/gcc/arm-none-eabi/9.3.1/../../../../arm-none-eabi/lib/thumb/v7e-m+fp/hard\libc_nano.a(lib_a-errno.o)
 .debug_frame   0x00000000000021a0       0x2c c:/st/stm32cubeide_1.6.0/stm32cubeide/plugins/com.st.stm32cube.ide.mcu.externaltools.gnu-tools-for-stm32.9-2020-q2-update.win32_1.5.0.202011040924/tools/bin/../lib/gcc/arm-none-eabi/9.3.1/../../../../arm-none-eabi/lib/thumb/v7e-m+fp/hard\libc_nano.a(lib_a-init.o)
 .debug_frame   0x00000000000021cc       0x28 c:/st/stm32cubeide_1.6.0/stm32cubeide/plugins/com.st.stm32cube.ide.mcu.externaltools.gnu-tools-for-stm32.9-2020-q2-update.win32_1.5.0.202011040924/tools/bin/../lib/gcc/arm-none-eabi/9.3.1/../../../../arm-none-eabi/lib/thumb/v7e-m+fp/hard\libc_nano.a(lib_a-memcpy-stub.o)
 .debug_frame   0x00000000000021f4       0x20 c:/st/stm32cubeide_1.6.0/stm32cubeide/plugins/com.st.stm32cube.ide.mcu.externaltools.gnu-tools-for-stm32.9-2020-q2-update.win32_1.5.0.202011040924/tools/bin/../lib/gcc/arm-none-eabi/9.3.1/../../../../arm-none-eabi/lib/thumb/v7e-m+fp/hard\libc_nano.a(lib_a-memset.o)
 .debug_frame   0x0000000000002214       0x6c c:/st/stm32cubeide_1.6.0/stm32cubeide/plugins/com.st.stm32cube.ide.mcu.externaltools.gnu-tools-for-stm32.9-2020-q2-update.win32_1.5.0.202011040924/tools/bin/../lib/gcc/arm-none-eabi/9.3.1/../../../../arm-none-eabi/lib/thumb/v7e-m+fp/hard\libc_nano.a(lib_a-sprintf.o)
 .debug_frame   0x0000000000002280       0x64 c:/st/stm32cubeide_1.6.0/stm32cubeide/plugins/com.st.stm32cube.ide.mcu.externaltools.gnu-tools-for-stm32.9-2020-q2-update.win32_1.5.0.202011040924/tools/bin/../lib/gcc/arm-none-eabi/9.3.1/../../../../arm-none-eabi/lib/thumb/v7e-m+fp/hard\libc_nano.a(lib_a-strtol.o)
 .debug_frame   0x00000000000022e4       0x90 c:/st/stm32cubeide_1.6.0/stm32cubeide/plugins/com.st.stm32cube.ide.mcu.externaltools.gnu-tools-for-stm32.9-2020-q2-update.win32_1.5.0.202011040924/tools/bin/../lib/gcc/arm-none-eabi/9.3.1/../../../../arm-none-eabi/lib/thumb/v7e-m+fp/hard\libc_nano.a(lib_a-nano-svfprintf.o)
 .debug_frame   0x0000000000002374       0x60 c:/st/stm32cubeide_1.6.0/stm32cubeide/plugins/com.st.stm32cube.ide.mcu.externaltools.gnu-tools-for-stm32.9-2020-q2-update.win32_1.5.0.202011040924/tools/bin/../lib/gcc/arm-none-eabi/9.3.1/../../../../arm-none-eabi/lib/thumb/v7e-m+fp/hard\libc_nano.a(lib_a-nano-vfprintf_i.o)
 .debug_frame   0x00000000000023d4       0x28 c:/st/stm32cubeide_1.6.0/stm32cubeide/plugins/com.st.stm32cube.ide.mcu.externaltools.gnu-tools-for-stm32.9-2020-q2-update.win32_1.5.0.202011040924/tools/bin/../lib/gcc/arm-none-eabi/9.3.1/../../../../arm-none-eabi/lib/thumb/v7e-m+fp/hard\libc_nano.a(lib_a-memmove.o)
 .debug_frame   0x00000000000023fc       0x38 c:/st/stm32cubeide_1.6.0/stm32cubeide/plugins/com.st.stm32cube.ide.mcu.externaltools.gnu-tools-for-stm32.9-2020-q2-update.win32_1.5.0.202011040924/tools/bin/../lib/gcc/arm-none-eabi/9.3.1/../../../../arm-none-eabi/lib/thumb/v7e-m+fp/hard\libc_nano.a(lib_a-nano-freer.o)
 .debug_frame   0x0000000000002434       0x30 c:/st/stm32cubeide_1.6.0/stm32cubeide/plugins/com.st.stm32cube.ide.mcu.externaltools.gnu-tools-for-stm32.9-2020-q2-update.win32_1.5.0.202011040924/tools/bin/../lib/gcc/arm-none-eabi/9.3.1/../../../../arm-none-eabi/lib/thumb/v7e-m+fp/hard\libc_nano.a(lib_a-nano-mallocr.o)
 .debug_frame   0x0000000000002464       0x3c c:/st/stm32cubeide_1.6.0/stm32cubeide/plugins/com.st.stm32cube.ide.mcu.externaltools.gnu-tools-for-stm32.9-2020-q2-update.win32_1.5.0.202011040924/tools/bin/../lib/gcc/arm-none-eabi/9.3.1/../../../../arm-none-eabi/lib/thumb/v7e-m+fp/hard\libc_nano.a(lib_a-nano-reallocr.o)
 .debug_frame   0x00000000000024a0       0x2c c:/st/stm32cubeide_1.6.0/stm32cubeide/plugins/com.st.stm32cube.ide.mcu.externaltools.gnu-tools-for-stm32.9-2020-q2-update.win32_1.5.0.202011040924/tools/bin/../lib/gcc/arm-none-eabi/9.3.1/../../../../arm-none-eabi/lib/thumb/v7e-m+fp/hard\libc_nano.a(lib_a-sbrkr.o)
 .debug_frame   0x00000000000024cc       0x30 c:/st/stm32cubeide_1.6.0/stm32cubeide/plugins/com.st.stm32cube.ide.mcu.externaltools.gnu-tools-for-stm32.9-2020-q2-update.win32_1.5.0.202011040924/tools/bin/../lib/gcc/arm-none-eabi/9.3.1/../../../../arm-none-eabi/lib/thumb/v7e-m+fp/hard\libc_nano.a(lib_a-mlock.o)
 .debug_frame   0x00000000000024fc       0x20 c:/st/stm32cubeide_1.6.0/stm32cubeide/plugins/com.st.stm32cube.ide.mcu.externaltools.gnu-tools-for-stm32.9-2020-q2-update.win32_1.5.0.202011040924/tools/bin/../lib/gcc/arm-none-eabi/9.3.1/../../../../arm-none-eabi/lib/thumb/v7e-m+fp/hard\libc_nano.a(lib_a-nano-msizer.o)
 .debug_frame   0x000000000000251c       0x5c c:/st/stm32cubeide_1.6.0/stm32cubeide/plugins/com.st.stm32cube.ide.mcu.externaltools.gnu-tools-for-stm32.9-2020-q2-update.win32_1.5.0.202011040924/tools/bin/../lib/gcc/arm-none-eabi/9.3.1/../../../../arm-none-eabi/lib/thumb/v7e-m+fp/hard\libc_nano.a(lib_a-reent.o)
 .debug_frame   0x0000000000002578       0xb0 c:/st/stm32cubeide_1.6.0/stm32cubeide/plugins/com.st.stm32cube.ide.mcu.externaltools.gnu-tools-for-stm32.9-2020-q2-update.win32_1.5.0.202011040924/tools/bin/../lib/gcc/arm-none-eabi/9.3.1/../../../../arm-none-eabi/lib/thumb/v7e-m+fp/hard\libc_nano.a(lib_a-lock.o)
 .debug_frame   0x0000000000002628       0x2c c:/st/stm32cubeide_1.6.0/stm32cubeide/plugins/com.st.stm32cube.ide.mcu.externaltools.gnu-tools-for-stm32.9-2020-q2-update.win32_1.5.0.202011040924/tools/bin/../lib/gcc/arm-none-eabi/9.3.1/thumb/v7e-m+fp/hard\libgcc.a(_aeabi_uldivmod.o)
 .debug_frame   0x0000000000002654       0x34 c:/st/stm32cubeide_1.6.0/stm32cubeide/plugins/com.st.stm32cube.ide.mcu.externaltools.gnu-tools-for-stm32.9-2020-q2-update.win32_1.5.0.202011040924/tools/bin/../lib/gcc/arm-none-eabi/9.3.1/thumb/v7e-m+fp/hard\libgcc.a(_udivmoddi4.o)
