ssd1306.c:15:13:ssd1306_WriteCommand	32	static
ssd1306.c:78:6:ssd1306_InvertDisplay	0	static
ssd1306.c:92:6:ssd1306_Startscrollright	16	static
ssd1306.c:110:6:ssd1306_Startscrollleft	16	static
ssd1306.c:127:6:ssd1306_Startscrolldiagright	16	static
ssd1306.c:145:6:ssd1306_Startscrolldiagleft	16	static
ssd1306.c:159:6:ssd1306_Stopscroll	0	static
ssd1306.c:167:6:ssd1306_Dim	8	static
ssd1306.c:452:6:ssd1306_Fill	0	static
ssd1306.c:466:6:ssd1306_UpdateScreen	32	static
ssd1306.c:24:9:ssd1306_Init	8	static
ssd1306.c:487:6:ssd1306_DrawPixel	12	static
ssd1306.c:195:6:ssd1306_draw_Circle	56	static
ssd1306.c:237:6:ssd1306_draw_rectangle	32	static
ssd1306.c:259:6:ssd1306_line_v	32	static
ssd1306.c:286:6:ssd1306_line_h	32	static
ssd1306.c:314:6:ssd1306_draw_bitmap	72	static
ssd1306.c:345:6:ssd1306_draw_line	64	static
ssd1306.c:518:6:ssd1306_WriteChar	64	static
ssd1306.c:557:6:ssd1306_WriteString	32	static
ssd1306.c:579:6:ssd1306_SetCursor	0	static
